Component: ARM Compiler 5.06 update 7 (build 960) Tool: armlink [4d3601]

==============================================================================

Section Cross References

    main.o(i.can_task) refers to can.o(i.CAN_Mode_Init) for CAN_Mode_Init
    main.o(i.can_task) refers to key.o(i.KEY_Scan) for KEY_Scan
    main.o(i.can_task) refers to printf2.o(i.__0printf$2) for __2printf
    main.o(i.can_task) refers to can.o(i.CAN_Send_Msg) for CAN_Send_Msg
    main.o(i.can_task) refers to can.o(i.CAN_Receive_Msg) for CAN_Receive_Msg
    main.o(i.can_task) refers to tasks.o(i.vTaskDelay) for vTaskDelay
    main.o(i.led1_task) refers to printf2.o(i.__0printf$2) for __2printf
    main.o(i.led1_task) refers to tasks.o(i.vTaskDelay) for vTaskDelay
    main.o(i.led2_task) refers to printf2.o(i.__0printf$2) for __2printf
    main.o(i.led2_task) refers to tasks.o(i.vTaskDelay) for vTaskDelay
    main.o(i.main) refers to systick.o(i.SysTick_Init) for SysTick_Init
    main.o(i.main) refers to misc.o(i.NVIC_PriorityGroupConfig) for NVIC_PriorityGroupConfig
    main.o(i.main) refers to led.o(i.LED_Init) for LED_Init
    main.o(i.main) refers to usart.o(i.USART1_Init) for USART1_Init
    main.o(i.main) refers to key.o(i.KEY_Init) for KEY_Init
    main.o(i.main) refers to tasks.o(i.xTaskCreate) for xTaskCreate
    main.o(i.main) refers to segger_sysview_config_freertos.o(i.SEGGER_SYSVIEW_Conf) for SEGGER_SYSVIEW_Conf
    main.o(i.main) refers to tasks.o(i.vTaskStartScheduler) for vTaskStartScheduler
    main.o(i.main) refers to main.o(.data) for StartTask_Handler
    main.o(i.main) refers to main.o(i.start_task) for start_task
    main.o(i.start_task) refers to port.o(i.vPortEnterCritical) for vPortEnterCritical
    main.o(i.start_task) refers to tasks.o(i.xTaskCreate) for xTaskCreate
    main.o(i.start_task) refers to tasks.o(i.vTaskDelete) for vTaskDelete
    main.o(i.start_task) refers to port.o(i.vPortExitCritical) for vPortExitCritical
    main.o(i.start_task) refers to main.o(.data) for LED1Task_Handler
    main.o(i.start_task) refers to main.o(i.led1_task) for led1_task
    main.o(i.start_task) refers to main.o(i.led2_task) for led2_task
    main.o(i.start_task) refers to main.o(i.can_task) for can_task
    startup_stm32f10x_hd.o(RESET) refers to startup_stm32f10x_hd.o(STACK) for __initial_sp
    startup_stm32f10x_hd.o(RESET) refers to startup_stm32f10x_hd.o(.text) for Reset_Handler
    startup_stm32f10x_hd.o(RESET) refers to stm32f10x_it.o(i.NMI_Handler) for NMI_Handler
    startup_stm32f10x_hd.o(RESET) refers to stm32f10x_it.o(i.HardFault_Handler) for HardFault_Handler
    startup_stm32f10x_hd.o(RESET) refers to stm32f10x_it.o(i.MemManage_Handler) for MemManage_Handler
    startup_stm32f10x_hd.o(RESET) refers to stm32f10x_it.o(i.BusFault_Handler) for BusFault_Handler
    startup_stm32f10x_hd.o(RESET) refers to stm32f10x_it.o(i.UsageFault_Handler) for UsageFault_Handler
    startup_stm32f10x_hd.o(RESET) refers to port.o(.emb_text) for SVC_Handler
    startup_stm32f10x_hd.o(RESET) refers to stm32f10x_it.o(i.DebugMon_Handler) for DebugMon_Handler
    startup_stm32f10x_hd.o(RESET) refers to systick.o(i.SysTick_Handler) for SysTick_Handler
    startup_stm32f10x_hd.o(RESET) refers to usart.o(i.USART1_IRQHandler) for USART1_IRQHandler
    startup_stm32f10x_hd.o(.text) refers to system_stm32f10x.o(i.SystemInit) for SystemInit
    startup_stm32f10x_hd.o(.text) refers to entry.o(.ARM.Collect$$$$00000000) for __main
    stm32f10x_gpio.o(i.GPIO_AFIODeInit) refers to stm32f10x_rcc.o(i.RCC_APB2PeriphResetCmd) for RCC_APB2PeriphResetCmd
    stm32f10x_gpio.o(i.GPIO_DeInit) refers to stm32f10x_rcc.o(i.RCC_APB2PeriphResetCmd) for RCC_APB2PeriphResetCmd
    stm32f10x_rcc.o(i.RCC_GetClocksFreq) refers to stm32f10x_rcc.o(.data) for APBAHBPrescTable
    stm32f10x_rcc.o(i.RCC_WaitForHSEStartUp) refers to stm32f10x_rcc.o(i.RCC_GetFlagStatus) for RCC_GetFlagStatus
    stm32f10x_tim.o(i.TIM_DeInit) refers to stm32f10x_rcc.o(i.RCC_APB2PeriphResetCmd) for RCC_APB2PeriphResetCmd
    stm32f10x_tim.o(i.TIM_DeInit) refers to stm32f10x_rcc.o(i.RCC_APB1PeriphResetCmd) for RCC_APB1PeriphResetCmd
    stm32f10x_tim.o(i.TIM_ETRClockMode1Config) refers to stm32f10x_tim.o(i.TIM_ETRConfig) for TIM_ETRConfig
    stm32f10x_tim.o(i.TIM_ETRClockMode2Config) refers to stm32f10x_tim.o(i.TIM_ETRConfig) for TIM_ETRConfig
    stm32f10x_tim.o(i.TIM_ICInit) refers to stm32f10x_tim.o(i.TI1_Config) for TI1_Config
    stm32f10x_tim.o(i.TIM_ICInit) refers to stm32f10x_tim.o(i.TIM_SetIC1Prescaler) for TIM_SetIC1Prescaler
    stm32f10x_tim.o(i.TIM_ICInit) refers to stm32f10x_tim.o(i.TI2_Config) for TI2_Config
    stm32f10x_tim.o(i.TIM_ICInit) refers to stm32f10x_tim.o(i.TIM_SetIC2Prescaler) for TIM_SetIC2Prescaler
    stm32f10x_tim.o(i.TIM_ICInit) refers to stm32f10x_tim.o(i.TI3_Config) for TI3_Config
    stm32f10x_tim.o(i.TIM_ICInit) refers to stm32f10x_tim.o(i.TIM_SetIC3Prescaler) for TIM_SetIC3Prescaler
[...]
    Removing stream_buffer.o(i.xStreamBufferSpacesAvailable), (56 bytes).
    Removing tasks.o(i.pcTaskGetName), (44 bytes).
    Removing tasks.o(i.prvTaskIsTaskSuspended), (96 bytes).
    Removing tasks.o(i.ulTaskGenericNotifyTake), (180 bytes).
    Removing tasks.o(i.ulTaskGenericNotifyValueClear), (76 bytes).
    Removing tasks.o(i.uxTaskGetNumberOfTasks), (24 bytes).
    Removing tasks.o(i.uxTaskPriorityGet), (44 bytes).
    Removing tasks.o(i.uxTaskPriorityGetFromISR), (72 bytes).
    Removing tasks.o(i.uxTaskResetEventItemValue), (40 bytes).
    Removing tasks.o(i.vTaskEndScheduler), (72 bytes).
    Removing tasks.o(i.vTaskGenericNotifyGiveFromISR), (324 bytes).
    Removing tasks.o(i.vTaskInternalSetTimeOutState), (32 bytes).
    Removing tasks.o(i.vTaskMissedYield), (20 bytes).
    Removing tasks.o(i.vTaskPlaceOnEventList), (40 bytes).
    Removing tasks.o(i.vTaskPlaceOnUnorderedEventList), (88 bytes).
    Removing tasks.o(i.vTaskPrioritySet), (352 bytes).
    Removing tasks.o(i.vTaskRemoveFromUnorderedEventList), (236 bytes).
    Removing tasks.o(i.vTaskResetState), (116 bytes).
    Removing tasks.o(i.vTaskResume), (200 bytes).
    Removing tasks.o(i.vTaskSetTimeOutState), (40 bytes).
    Removing tasks.o(i.vTaskSuspend), (228 bytes).
    Removing tasks.o(i.xTaskCatchUpTicks), (48 bytes).
    Removing tasks.o(i.xTaskCheckForTimeOut), (112 bytes).
    Removing tasks.o(i.xTaskDelayUntil), (124 bytes).
    Removing tasks.o(i.xTaskGenericNotify), (364 bytes).
    Removing tasks.o(i.xTaskGenericNotifyFromISR), (436 bytes).
    Removing tasks.o(i.xTaskGenericNotifyStateClear), (72 bytes).
    Removing tasks.o(i.xTaskGenericNotifyWait), (216 bytes).
    Removing tasks.o(i.xTaskGetCurrentTaskHandle), (32 bytes).
    Removing tasks.o(i.xTaskGetCurrentTaskHandleForCore), (32 bytes).
    Removing tasks.o(i.xTaskGetIdleTaskHandle), (32 bytes).
    Removing tasks.o(i.xTaskGetIdleTaskHandleForCore), (16 bytes).
    Removing tasks.o(i.xTaskGetTickCount), (24 bytes).
    Removing tasks.o(i.xTaskRemoveFromEventList), (296 bytes).
    Removing tasks.o(i.xTaskResumeFromISR), (236 bytes).
    Removing heap_4.o(i.pvPortCalloc), (54 bytes).
    Removing heap_4.o(i.vPortGetHeapStats), (128 bytes).
    Removing heap_4.o(i.vPortHeapResetState), (44 bytes).
    Removing heap_4.o(i.vPortInitialiseBlocks), (2 bytes).
    Removing heap_4.o(i.xPortGetFreeHeapSize), (12 bytes).
    Removing heap_4.o(i.xPortGetMinimumEverFreeHeapSize), (12 bytes).
    Removing port.o(i.vPortEndScheduler), (2 bytes).
    Removing segger_rtt.o(i.SEGGER_RTT_AllocDownBuffer), (200 bytes).
    Removing segger_rtt.o(i.SEGGER_RTT_ConfigUpBuffer), (120 bytes).
    Removing segger_rtt.o(i.SEGGER_RTT_GetAvailWriteSpace), (28 bytes).
    Removing segger_rtt.o(i.SEGGER_RTT_GetBytesInBuffer), (68 bytes).
    Removing segger_rtt.o(i.SEGGER_RTT_GetKey), (32 bytes).
    Removing segger_rtt.o(i.SEGGER_RTT_HasData), (28 bytes).
    Removing segger_rtt.o(i.SEGGER_RTT_HasDataUp), (28 bytes).
    Removing segger_rtt.o(i.SEGGER_RTT_HasKey), (48 bytes).
    Removing segger_rtt.o(i.SEGGER_RTT_Init), (8 bytes).
    Removing segger_rtt.o(i.SEGGER_RTT_PutChar), (128 bytes).
    Removing segger_rtt.o(i.SEGGER_RTT_PutCharSkip), (116 bytes).
    Removing segger_rtt.o(i.SEGGER_RTT_PutCharSkipNoLock), (56 bytes).
    Removing segger_rtt.o(i.SEGGER_RTT_Read), (56 bytes).
    Removing segger_rtt.o(i.SEGGER_RTT_ReadUpBuffer), (56 bytes).
    Removing segger_rtt.o(i.SEGGER_RTT_ReadUpBufferNoLock), (172 bytes).
    Removing segger_rtt.o(i.SEGGER_RTT_SetFlagsDownBuffer), (96 bytes).
    Removing segger_rtt.o(i.SEGGER_RTT_SetFlagsUpBuffer), (96 bytes).
    Removing segger_rtt.o(i.SEGGER_RTT_SetNameDownBuffer), (96 bytes).
    Removing segger_rtt.o(i.SEGGER_RTT_SetNameUpBuffer), (96 bytes).
    Removing segger_rtt.o(i.SEGGER_RTT_SetTerminal), (160 bytes).
    Removing segger_rtt.o(i.SEGGER_RTT_TerminalOut), (260 bytes).
    Removing segger_rtt.o(i.SEGGER_RTT_WaitKey), (14 bytes).
    Removing segger_rtt.o(i.SEGGER_RTT_Write), (76 bytes).
    Removing segger_rtt.o(i.SEGGER_RTT_WriteDownBuffer), (76 bytes).
    Removing segger_rtt.o(i.SEGGER_RTT_WriteDownBufferNoLock), (132 bytes).
    Removing segger_rtt.o(i.SEGGER_RTT_WriteNoLock), (132 bytes).
    Removing segger_rtt.o(i.SEGGER_RTT_WriteString), (26 bytes).
    Removing segger_rtt.o(i.SEGGER_RTT_WriteWithOverwriteNoLock), (180 bytes).
    Removing segger_rtt.o(i._GetAvailWriteSpace), (28 bytes).
    Removing segger_rtt.o(i._PostTerminalSwitch), (36 bytes).
    Removing segger_rtt.o(i._WriteBlocking), (118 bytes).
    Removing segger_rtt.o(i._WriteNoCheck), (88 bytes).
    Removing segger_rtt.o(.data), (1 bytes).
    Removing segger_rtt_printf.o(i.SEGGER_RTT_printf), (34 bytes).
    Removing segger_rtt_printf.o(i.SEGGER_RTT_vprintf), (592 bytes).
    Removing segger_rtt_printf.o(i._PrintInt), (236 bytes).
    Removing segger_rtt_printf.o(i._PrintUnsigned), (236 bytes).
    Removing segger_rtt_printf.o(i._StoreChar), (68 bytes).
    Removing segger_rtt_printf.o(.constdata), (16 bytes).
    Removing segger_sysview.o(i.SEGGER_SYSVIEW_DisableEvents), (16 bytes).
    Removing segger_sysview.o(i.SEGGER_SYSVIEW_EnableEvents), (16 bytes).
    Removing segger_sysview.o(i.SEGGER_SYSVIEW_EncodeData), (20 bytes).
    Removing segger_sysview.o(i.SEGGER_SYSVIEW_EncodeId), (48 bytes).
    Removing segger_sysview.o(i.SEGGER_SYSVIEW_EncodeString), (20 bytes).
    Removing segger_sysview.o(i.SEGGER_SYSVIEW_EncodeU32), (38 bytes).
    Removing segger_sysview.o(i.SEGGER_SYSVIEW_Error), (128 bytes).
    Removing segger_sysview.o(i.SEGGER_SYSVIEW_ErrorfHost), (28 bytes).
    Removing segger_sysview.o(i.SEGGER_SYSVIEW_ErrorfTarget), (28 bytes).
    Removing segger_sysview.o(i.SEGGER_SYSVIEW_GetChannelID), (12 bytes).
    Removing segger_sysview.o(i.SEGGER_SYSVIEW_HeapAlloc), (192 bytes).
    Removing segger_sysview.o(i.SEGGER_SYSVIEW_HeapAllocEx), (220 bytes).
    Removing segger_sysview.o(i.SEGGER_SYSVIEW_HeapDefine), (220 bytes).
    Removing segger_sysview.o(i.SEGGER_SYSVIEW_HeapFree), (160 bytes).
    Removing segger_sysview.o(i.SEGGER_SYSVIEW_IsStarted), (76 bytes).
    Removing segger_sysview.o(i.SEGGER_SYSVIEW_Mark), (116 bytes).
    Removing segger_sysview.o(i.SEGGER_SYSVIEW_MarkStart), (88 bytes).
    Removing segger_sysview.o(i.SEGGER_SYSVIEW_MarkStop), (88 bytes).
    Removing segger_sysview.o(i.SEGGER_SYSVIEW_NameMarker), (132 bytes).
    Removing segger_sysview.o(i.SEGGER_SYSVIEW_NameResource), (112 bytes).
    Removing segger_sysview.o(i.SEGGER_SYSVIEW_OnTaskStopExec), (52 bytes).
    Removing segger_sysview.o(i.SEGGER_SYSVIEW_OnTaskTerminate), (100 bytes).
    Removing segger_sysview.o(i.SEGGER_SYSVIEW_Print), (128 bytes).
    Removing segger_sysview.o(i.SEGGER_SYSVIEW_PrintfHost), (28 bytes).
    Removing segger_sysview.o(i.SEGGER_SYSVIEW_PrintfHostEx), (30 bytes).
    Removing segger_sysview.o(i.SEGGER_SYSVIEW_PrintfTarget), (28 bytes).
    Removing segger_sysview.o(i.SEGGER_SYSVIEW_PrintfTargetEx), (30 bytes).
    Removing segger_sysview.o(i.SEGGER_SYSVIEW_RecordEnterTimer), (96 bytes).
    Removing segger_sysview.o(i.SEGGER_SYSVIEW_RecordExitTimer), (52 bytes).
    Removing segger_sysview.o(i.SEGGER_SYSVIEW_RecordModuleDescription), (168 bytes).
    Removing segger_sysview.o(i.SEGGER_SYSVIEW_RecordString), (72 bytes).
    Removing segger_sysview.o(i.SEGGER_SYSVIEW_RecordU32x10), (352 bytes).
    Removing segger_sysview.o(i.SEGGER_SYSVIEW_RecordU32x3), (152 bytes).
    Removing segger_sysview.o(i.SEGGER_SYSVIEW_RecordU32x4), (184 bytes).
    Removing segger_sysview.o(i.SEGGER_SYSVIEW_RecordU32x5), (212 bytes).
    Removing segger_sysview.o(i.SEGGER_SYSVIEW_RecordU32x6), (240 bytes).
    Removing segger_sysview.o(i.SEGGER_SYSVIEW_RecordU32x7), (268 bytes).
    Removing segger_sysview.o(i.SEGGER_SYSVIEW_RecordU32x8), (296 bytes).
    Removing segger_sysview.o(i.SEGGER_SYSVIEW_RecordU32x9), (324 bytes).
    Removing segger_sysview.o(i.SEGGER_SYSVIEW_RegisterData), (712 bytes).
    Removing segger_sysview.o(i.SEGGER_SYSVIEW_RegisterModule), (112 bytes).
    Removing segger_sysview.o(i.SEGGER_SYSVIEW_SampleData), (100 bytes).
    Removing segger_sysview.o(i.SEGGER_SYSVIEW_SendPacket), (52 bytes).
    Removing segger_sysview.o(i.SEGGER_SYSVIEW_SendStackInfo), (172 bytes).
    Removing segger_sysview.o(i.SEGGER_SYSVIEW_VErrorfHost), (18 bytes).
    Removing segger_sysview.o(i.SEGGER_SYSVIEW_VErrorfTarget), (18 bytes).
    Removing segger_sysview.o(i.SEGGER_SYSVIEW_VPrintfHost), (18 bytes).
    Removing segger_sysview.o(i.SEGGER_SYSVIEW_VPrintfHostEx), (20 bytes).
    Removing segger_sysview.o(i.SEGGER_SYSVIEW_VPrintfTarget), (18 bytes).
    Removing segger_sysview.o(i.SEGGER_SYSVIEW_VPrintfTargetEx), (20 bytes).
    Removing segger_sysview.o(i.SEGGER_SYSVIEW_VWarnfHost), (18 bytes).
    Removing segger_sysview.o(i.SEGGER_SYSVIEW_VWarnfTarget), (18 bytes).
    Removing segger_sysview.o(i.SEGGER_SYSVIEW_WarnfHost), (28 bytes).
    Removing segger_sysview.o(i.SEGGER_SYSVIEW_WarnfTarget), (28 bytes).
    Removing segger_sysview.o(i._EncodeData), (50 bytes).
    Removing segger_sysview.o(i._EncodeFloat), (44 bytes).
    Removing segger_sysview.o(i._PrintInt), (190 bytes).
    Removing segger_sysview.o(i._PrintUnsigned), (188 bytes).
    Removing segger_sysview.o(i._StoreChar), (134 bytes).
    Removing segger_sysview.o(i._VPrintHost), (240 bytes).
    Removing segger_sysview.o(i._VPrintTarget), (636 bytes).
    Removing segger_sysview_freertos.o(i.SYSVIEW_UpdateTask), (168 bytes).
    Removing cfcmple.o(.text), (20 bytes).
    Removing dadd.o(.text), (334 bytes).
    Removing dmul.o(.text), (228 bytes).
    Removing ddiv.o(.text), (222 bytes).
    Removing dfixul.o(.text), (48 bytes).
    Removing cdrcmple.o(.text), (48 bytes).
    Removing depilogue.o(.text), (186 bytes).

506 unused section(s) (total 33925 bytes) removed from the image.

==============================================================================

Image Symbol Table

    Local Symbols

    Symbol Name                              Value     Ov Type        Size  Object(Section)

    ../clib/microlib/division.c              0x00000000   Number         0  uidiv.o ABSOLUTE
    ../clib/microlib/division.c              0x00000000   Number         0  uldiv.o ABSOLUTE
    ../clib/microlib/init/entry.s            0x00000000   Number         0  entry11a.o ABSOLUTE
    ../clib/microlib/init/entry.s            0x00000000   Number         0  entry12b.o ABSOLUTE
    ../clib/microlib/init/entry.s            0x00000000   Number         0  entry12a.o ABSOLUTE
    ../clib/microlib/init/entry.s            0x00000000   Number         0  entry11b.o ABSOLUTE
    ../clib/microlib/init/entry.s            0x00000000   Number         0  entry9a.o ABSOLUTE
    ../clib/microlib/init/entry.s            0x00000000   Number         0  entry2.o ABSOLUTE
    ../clib/microlib/init/entry.s            0x00000000   Number         0  entry10b.o ABSOLUTE
    ../clib/microlib/init/entry.s            0x00000000   Number         0  entry5.o ABSOLUTE
    ../clib/microlib/init/entry.s            0x00000000   Number         0  entry9b.o ABSOLUTE
    ../clib/microlib/init/entry.s            0x00000000   Number         0  entry8b.o ABSOLUTE
    ../clib/microlib/init/entry.s            0x00000000   Number         0  entry8a.o ABSOLUTE
    ../clib/microlib/init/entry.s            0x00000000   Number         0  entry7b.o ABSOLUTE
    ../clib/microlib/init/entry.s            0x00000000   Number         0  entry7a.o ABSOLUTE
    ../clib/microlib/init/entry.s            0x00000000   Number         0  entry10a.o ABSOLUTE
    ../clib/microlib/init/entry.s            0x00000000   Number         0  entry.o ABSOLUTE
    ../clib/microlib/longlong.c              0x00000000   Number         0  llsshr.o ABSOLUTE
    ../clib/microlib/longlong.c              0x00000000   Number         0  llushr.o ABSOLUTE
    ../clib/microlib/longlong.c              0x00000000   Number         0  llshl.o ABSOLUTE
    ../clib/microlib/printf/printf.c         0x00000000   Number         0  printf2.o ABSOLUTE
    ../clib/microlib/printf/printf.c         0x00000000   Number         0  printf1.o ABSOLUTE
    ../clib/microlib/printf/printf.c         0x00000000   Number         0  printf0.o ABSOLUTE
    ../clib/microlib/printf/printf.c         0x00000000   Number         0  printfb.o ABSOLUTE
    ../clib/microlib/printf/printf.c         0x00000000   Number         0  printfa.o ABSOLUTE
    ../clib/microlib/printf/printf.c         0x00000000   Number         0  printf3.o ABSOLUTE
    ../clib/microlib/printf/printf.c         0x00000000   Number         0  printf8.o ABSOLUTE
    ../clib/microlib/printf/printf.c         0x00000000   Number         0  printf4.o ABSOLUTE
    ../clib/microlib/printf/printf.c         0x00000000   Number         0  printf7.o ABSOLUTE
    ../clib/microlib/printf/printf.c         0x00000000   Number         0  printf6.o ABSOLUTE
    ../clib/microlib/printf/printf.c         0x00000000   Number         0  printf5.o ABSOLUTE
    ../clib/microlib/printf/stubs.s          0x00000000   Number         0  stubs.o ABSOLUTE
    ../clib/microlib/stdio/streams.c         0x00000000   Number         0  stdout.o ABSOLUTE
    ../clib/microlib/string/memcmp.c         0x00000000   Number         0  memcmp.o ABSOLUTE
    ../clib/microlib/string/memcpy.c         0x00000000   Number         0  memcpya.o ABSOLUTE
    ../clib/microlib/string/memcpy.c         0x00000000   Number         0  memcpyb.o ABSOLUTE
    ../clib/microlib/string/memset.c         0x00000000   Number         0  memseta.o ABSOLUTE
    ../clib/microlib/string/strlen.c         0x00000000   Number         0  strlen.o ABSOLUTE
    ../clib/microlib/stubs.s                 0x00000000   Number         0  iusefp.o ABSOLUTE
    ../fplib/microlib/fpadd.c                0x00000000   Number         0  dadd.o ABSOLUTE
    ../fplib/microlib/fpdiv.c                0x00000000   Number         0  ddiv.o ABSOLUTE
    ../fplib/microlib/fpepilogue.c           0x00000000   Number         0  depilogue.o ABSOLUTE
    ../fplib/microlib/fpfix.c                0x00000000   Number         0  dfixul.o ABSOLUTE
    ../fplib/microlib/fpmul.c                0x00000000   Number         0  dmul.o ABSOLUTE
    APP\can\can.c                            0x00000000   Number         0  can.o ABSOLUTE
    APP\key\key.c                            0x00000000   Number         0  key.o ABSOLUTE
    APP\led\led.c                            0x00000000   Number         0  led.o ABSOLUTE
    FreeRTOS\\portable\\RVDS\\ARM_CM3\\port.c 0x00000000   Number         0  port.o ABSOLUTE
    FreeRTOS\portable\MemMang\heap_4.c       0x00000000   Number         0  heap_4.o ABSOLUTE
    FreeRTOS\portable\RVDS\ARM_CM3\port.c    0x00000000   Number         0  port.o ABSOLUTE
    FreeRTOS\source\croutine.c               0x00000000   Number         0  croutine.o ABSOLUTE
    FreeRTOS\source\event_groups.c           0x00000000   Number         0  event_groups.o ABSOLUTE
    FreeRTOS\source\list.c                   0x00000000   Number         0  list.o ABSOLUTE
    FreeRTOS\source\queue.c                  0x00000000   Number         0  queue.o ABSOLUTE
    FreeRTOS\source\stream_buffer.c          0x00000000   Number         0  stream_buffer.o ABSOLUTE
    FreeRTOS\source\tasks.c                  0x00000000   Number         0  tasks.o ABSOLUTE
    FreeRTOS\source\timers.c                 0x00000000   Number         0  timers.o ABSOLUTE
    Libraries\CMSIS\core_cm3.c               0x00000000   Number         0  core_cm3.o ABSOLUTE
    Libraries\CMSIS\startup_stm32f10x_hd.s   0x00000000   Number         0  startup_stm32f10x_hd.o ABSOLUTE
    Libraries\CMSIS\system_stm32f10x.c       0x00000000   Number         0  system_stm32f10x.o ABSOLUTE
    Libraries\STM32F10x_StdPeriph_Driver\src\misc.c 0x00000000   Number         0  misc.o ABSOLUTE
    Libraries\STM32F10x_StdPeriph_Driver\src\stm32f10x_adc.c 0x00000000   Number         0  stm32f10x_adc.o ABSOLUTE
    Libraries\STM32F10x_StdPeriph_Driver\src\stm32f10x_bkp.c 0x00000000   Number         0  stm32f10x_bkp.o ABSOLUTE
    Libraries\STM32F10x_StdPeriph_Driver\src\stm32f10x_can.c 0x00000000   Number         0  stm32f10x_can.o ABSOLUTE
    Libraries\STM32F10x_StdPeriph_Driver\src\stm32f10x_dac.c 0x00000000   Number         0  stm32f10x_dac.o ABSOLUTE
    Libraries\STM32F10x_StdPeriph_Driver\src\stm32f10x_dma.c 0x00000000   Number         0  stm32f10x_dma.o ABSOLUTE
    Libraries\STM32F10x_StdPeriph_Driver\src\stm32f10x_exti.c 0x00000000   Number         0  stm32f10x_exti.o ABSOLUTE
    Libraries\STM32F10x_StdPeriph_Driver\src\stm32f10x_gpio.c 0x00000000   Number         0  stm32f10x_gpio.o ABSOLUTE
    Libraries\STM32F10x_StdPeriph_Driver\src\stm32f10x_iwdg.c 0x00000000   Number         0  stm32f10x_iwdg.o ABSOLUTE
    Libraries\STM32F10x_StdPeriph_Driver\src\stm32f10x_pwr.c 0x00000000   Number         0  stm32f10x_pwr.o ABSOLUTE
    Libraries\STM32F10x_StdPeriph_Driver\src\stm32f10x_rcc.c 0x00000000   Number         0  stm32f10x_rcc.o ABSOLUTE
    Libraries\STM32F10x_StdPeriph_Driver\src\stm32f10x_rtc.c 0x00000000   Number         0  stm32f10x_rtc.o ABSOLUTE
    Libraries\STM32F10x_StdPeriph_Driver\src\stm32f10x_tim.c 0x00000000   Number         0  stm32f10x_tim.o ABSOLUTE
    Libraries\STM32F10x_StdPeriph_Driver\src\stm32f10x_usart.c 0x00000000   Number         0  stm32f10x_usart.o ABSOLUTE
    Libraries\STM32F10x_StdPeriph_Driver\src\stm32f10x_wwdg.c 0x00000000   Number         0  stm32f10x_wwdg.o ABSOLUTE
    Libraries\\CMSIS\\core_cm3.c             0x00000000   Number         0  core_cm3.o ABSOLUTE
    Public\SysTick.c                         0x00000000   Number         0  systick.o ABSOLUTE
    Public\system.c                          0x00000000   Number         0  system.o ABSOLUTE
    Public\usart.c                           0x00000000   Number         0  usart.o ABSOLUTE
    SEGGER\SEGGER_RTT.c                      0x00000000   Number         0  segger_rtt.o ABSOLUTE
    SEGGER\SEGGER_RTT_printf.c               0x00000000   Number         0  segger_rtt_printf.o ABSOLUTE
    SEGGER\SEGGER_SYSVIEW.c                  0x00000000   Number         0  segger_sysview.o ABSOLUTE
    SEGGER\SEGGER_SYSVIEW_Config_FreeRTOS.c  0x00000000   Number         0  segger_sysview_config_freertos.o ABSOLUTE
    SEGGER\SEGGER_SYSVIEW_FreeRTOS.c         0x00000000   Number         0  segger_sysview_freertos.o ABSOLUTE
    User\main.c                              0x00000000   Number         0  main.o ABSOLUTE
    User\stm32f10x_it.c                      0x00000000   Number         0  stm32f10x_it.o ABSOLUTE
    cdrcmple.s                               0x00000000   Number         0  cdrcmple.o ABSOLUTE
    cfcmple.s                                0x00000000   Number         0  cfcmple.o ABSOLUTE
    dc.s                                     0x00000000   Number         0  dc.o ABSOLUTE
    handlers.s                               0x00000000   Number         0  handlers.o ABSOLUTE
    init.s                                   0x00000000   Number         0  init.o ABSOLUTE
    RESET                                    0x08000000   Section      304  startup_stm32f10x_hd.o(RESET)
    .ARM.Collect$$$$00000000                 0x08000130   Section        0  entry.o(.ARM.Collect$$$$00000000)
    .ARM.Collect$$$$00000001                 0x08000130   Section        4  entry2.o(.ARM.Collect$$$$00000001)
    .ARM.Collect$$$$00000004                 0x08000134   Section        4  entry5.o(.ARM.Collect$$$$00000004)
    .ARM.Collect$$$$00000008                 0x08000138   Section        0  entry7b.o(.ARM.Collect$$$$00000008)
    .ARM.Collect$$$$0000000A                 0x08000138   Section        0  entry8b.o(.ARM.Collect$$$$0000000A)
    .ARM.Collect$$$$0000000B                 0x08000138   Section        8  entry9a.o(.ARM.Collect$$$$0000000B)
    .ARM.Collect$$$$0000000E                 0x08000140   Section        4  entry12b.o(.ARM.Collect$$$$0000000E)
    .ARM.Collect$$$$0000000F                 0x08000144   Section        0  entry10a.o(.ARM.Collect$$$$0000000F)
    .ARM.Collect$$$$00000011                 0x08000144   Section        0  entry11a.o(.ARM.Collect$$$$00000011)
    .ARM.Collect$$$$00002712                 0x08000144   Section        4  entry2.o(.ARM.Collect$$$$00002712)
    __lit__00000000                          0x08000144   Data           4  entry2.o(.ARM.Collect$$$$00002712)
    .emb_text                                0x08000148   Section      150  port.o(.emb_text)
    .text                                    0x080001e0   Section       36  startup_stm32f10x_hd.o(.text)
    .text                                    0x08000204   Section        0  memcpya.o(.text)
    .text                                    0x08000228   Section        0  memseta.o(.text)
    .text                                    0x0800024c   Section        0  memcmp.o(.text)
    .text                                    0x08000268   Section       36  init.o(.text)
    i.BusFault_Handler                       0x0800028c   Section        0  stm32f10x_it.o(i.BusFault_Handler)
    i.CAN_FilterInit                         0x08000290   Section        0  stm32f10x_can.o(i.CAN_FilterInit)
    i.CAN_Init                               0x08000398   Section        0  stm32f10x_can.o(i.CAN_Init)
    i.CAN_MessagePending                     0x080004ac   Section        0  stm32f10x_can.o(i.CAN_MessagePending)
    i.CAN_Mode_Init                          0x080004cc   Section        0  can.o(i.CAN_Mode_Init)
    i.CAN_Receive                            0x0800059c   Section        0  stm32f10x_can.o(i.CAN_Receive)
    i.CAN_Receive_Msg                        0x0800068c   Section        0  can.o(i.CAN_Receive_Msg)
    i.CAN_Send_Msg                           0x080006cc   Section        0  can.o(i.CAN_Send_Msg)
    i.CAN_Transmit                           0x08000738   Section        0  stm32f10x_can.o(i.CAN_Transmit)
    i.CAN_TransmitStatus                     0x08000860   Section        0  stm32f10x_can.o(i.CAN_TransmitStatus)
    i.DebugMon_Handler                       0x08000900   Section        0  stm32f10x_it.o(i.DebugMon_Handler)
    i.GPIO_Init                              0x08000902   Section        0  stm32f10x_gpio.o(i.GPIO_Init)
    i.GPIO_SetBits                           0x08000a18   Section        0  stm32f10x_gpio.o(i.GPIO_SetBits)
    i.HardFault_Handler                      0x08000a1c   Section        0  stm32f10x_it.o(i.HardFault_Handler)
    i.KEY_Init                               0x08000a20   Section        0  key.o(i.KEY_Init)
    i.KEY_Scan                               0x08000a68   Section        0  key.o(i.KEY_Scan)
    i.LED_Init                               0x08000b04   Section        0  led.o(i.LED_Init)
    i.MemManage_Handler                      0x08000b38   Section        0  stm32f10x_it.o(i.MemManage_Handler)
    i.NMI_Handler                            0x08000b3c   Section        0  stm32f10x_it.o(i.NMI_Handler)
    i.NVIC_Init                              0x08000b40   Section        0  misc.o(i.NVIC_Init)
    i.NVIC_PriorityGroupConfig               0x08000bb0   Section        0  misc.o(i.NVIC_PriorityGroupConfig)
    i.RCC_APB1PeriphClockCmd                 0x08000bc4   Section        0  stm32f10x_rcc.o(i.RCC_APB1PeriphClockCmd)
    i.RCC_APB2PeriphClockCmd                 0x08000be4   Section        0  stm32f10x_rcc.o(i.RCC_APB2PeriphClockCmd)
    i.RCC_GetClocksFreq                      0x08000c04   Section        0  stm32f10x_rcc.o(i.RCC_GetClocksFreq)
    i.SEGGER_RTT_AllocUpBuffer               0x08000cd8   Section        0  segger_rtt.o(i.SEGGER_RTT_AllocUpBuffer)
    i.SEGGER_RTT_ConfigDownBuffer            0x08000da0   Section        0  segger_rtt.o(i.SEGGER_RTT_ConfigDownBuffer)
    i.SEGGER_RTT_ReadNoLock                  0x08000e18   Section        0  segger_rtt.o(i.SEGGER_RTT_ReadNoLock)
    i.SEGGER_RTT_WriteSkipNoLock             0x08000ec4   Section        0  segger_rtt.o(i.SEGGER_RTT_WriteSkipNoLock)
    i.SEGGER_SYSVIEW_Conf                    0x08000f64   Section        0  segger_sysview_config_freertos.o(i.SEGGER_SYSVIEW_Conf)
    i.SEGGER_SYSVIEW_GetSysDesc              0x08000f88   Section        0  segger_sysview.o(i.SEGGER_SYSVIEW_GetSysDesc)
    i.SEGGER_SYSVIEW_Init                    0x08001044   Section        0  segger_sysview.o(i.SEGGER_SYSVIEW_Init)
    i.SEGGER_SYSVIEW_OnIdle                  0x080010ac   Section        0  segger_sysview.o(i.SEGGER_SYSVIEW_OnIdle)
    i.SEGGER_SYSVIEW_OnTaskCreate            0x080010e0   Section        0  segger_sysview.o(i.SEGGER_SYSVIEW_OnTaskCreate)
    i.SEGGER_SYSVIEW_OnTaskStartExec         0x08001144   Section        0  segger_sysview.o(i.SEGGER_SYSVIEW_OnTaskStartExec)
    i.SEGGER_SYSVIEW_OnTaskStartReady        0x080011a8   Section        0  segger_sysview.o(i.SEGGER_SYSVIEW_OnTaskStartReady)
    i.SEGGER_SYSVIEW_OnTaskStopReady         0x0800120c   Section        0  segger_sysview.o(i.SEGGER_SYSVIEW_OnTaskStopReady)
    i.SEGGER_SYSVIEW_RecordEndCall           0x08001290   Section        0  segger_sysview.o(i.SEGGER_SYSVIEW_RecordEndCall)
    i.SEGGER_SYSVIEW_RecordEndCallU32        0x080012e8   Section        0  segger_sysview.o(i.SEGGER_SYSVIEW_RecordEndCallU32)
    i.SEGGER_SYSVIEW_RecordEnterISR          0x08001360   Section        0  segger_sysview.o(i.SEGGER_SYSVIEW_RecordEnterISR)
    i.SEGGER_SYSVIEW_RecordExitISR           0x080013c4   Section        0  segger_sysview.o(i.SEGGER_SYSVIEW_RecordExitISR)
    i.SEGGER_SYSVIEW_RecordExitISRToScheduler 0x080013f8   Section        0  segger_sysview.o(i.SEGGER_SYSVIEW_RecordExitISRToScheduler)
    i.SEGGER_SYSVIEW_RecordSystime           0x0800142c   Section        0  segger_sysview.o(i.SEGGER_SYSVIEW_RecordSystime)
    i.SEGGER_SYSVIEW_RecordU32               0x08001468   Section        0  segger_sysview.o(i.SEGGER_SYSVIEW_RecordU32)
    i.SEGGER_SYSVIEW_RecordU32x2             0x080014c4   Section        0  segger_sysview.o(i.SEGGER_SYSVIEW_RecordU32x2)
    i.SEGGER_SYSVIEW_RecordVoid              0x08001540   Section        0  segger_sysview.o(i.SEGGER_SYSVIEW_RecordVoid)
    i.SEGGER_SYSVIEW_SendModule              0x08001578   Section        0  segger_sysview.o(i.SEGGER_SYSVIEW_SendModule)
    i.SEGGER_SYSVIEW_SendModuleDescription   0x0800162c   Section        0  segger_sysview.o(i.SEGGER_SYSVIEW_SendModuleDescription)
    i.SEGGER_SYSVIEW_SendNumModules          0x08001650   Section        0  segger_sysview.o(i.SEGGER_SYSVIEW_SendNumModules)
    i.SEGGER_SYSVIEW_SendSysDesc             0x080016a8   Section        0  segger_sysview.o(i.SEGGER_SYSVIEW_SendSysDesc)
    i.SEGGER_SYSVIEW_SendTaskInfo            0x080016f0   Section        0  segger_sysview.o(i.SEGGER_SYSVIEW_SendTaskInfo)
    i.SEGGER_SYSVIEW_SendTaskList            0x080017fc   Section        0  segger_sysview.o(i.SEGGER_SYSVIEW_SendTaskList)
    i.SEGGER_SYSVIEW_SetRAMBase              0x0800181c   Section        0  segger_sysview.o(i.SEGGER_SYSVIEW_SetRAMBase)
    i.SEGGER_SYSVIEW_ShrinkId                0x08001828   Section        0  segger_sysview.o(i.SEGGER_SYSVIEW_ShrinkId)
    i.SEGGER_SYSVIEW_Start                   0x08001838   Section        0  segger_sysview.o(i.SEGGER_SYSVIEW_Start)
    i.SEGGER_SYSVIEW_Stop                    0x08001934   Section        0  segger_sysview.o(i.SEGGER_SYSVIEW_Stop)
    i.SEGGER_SYSVIEW_Warn                    0x08001978   Section        0  segger_sysview.o(i.SEGGER_SYSVIEW_Warn)
    i.SYSVIEW_AddTask                        0x080019f8   Section        0  segger_sysview_freertos.o(i.SYSVIEW_AddTask)
    i.SYSVIEW_DeleteTask                     0x08001aa4   Section        0  segger_sysview_freertos.o(i.SYSVIEW_DeleteTask)
    i.SYSVIEW_SendTaskInfo                   0x08001bb4   Section        0  segger_sysview_freertos.o(i.SYSVIEW_SendTaskInfo)
    i.SetSysClock                            0x08001be6   Section        0  system_stm32f10x.o(i.SetSysClock)
    SetSysClock                              0x08001be7   Thumb Code     8  system_stm32f10x.o(i.SetSysClock)
    i.SetSysClockTo72                        0x08001bf0   Section        0  system_stm32f10x.o(i.SetSysClockTo72)
    SetSysClockTo72                          0x08001bf1   Thumb Code   214  system_stm32f10x.o(i.SetSysClockTo72)
    i.SysTick_CLKSourceConfig                0x08001cd0   Section        0  misc.o(i.SysTick_CLKSourceConfig)
    i.SysTick_Handler                        0x08001cf8   Section        0  systick.o(i.SysTick_Handler)
    i.SysTick_Init                           0x08001d08   Section        0  systick.o(i.SysTick_Init)
    i.SystemInit                             0x08001d44   Section        0  system_stm32f10x.o(i.SystemInit)
    i.USART1_IRQHandler                      0x08001da4   Section        0  usart.o(i.USART1_IRQHandler)
    i.USART1_Init                            0x08001de0   Section        0  usart.o(i.USART1_Init)
    i.USART_ClearFlag                        0x08001e98   Section        0  stm32f10x_usart.o(i.USART_ClearFlag)
    i.USART_Cmd                              0x08001eaa   Section        0  stm32f10x_usart.o(i.USART_Cmd)
    i.USART_GetFlagStatus                    0x08001ec2   Section        0  stm32f10x_usart.o(i.USART_GetFlagStatus)
    i.USART_GetITStatus                      0x08001edc   Section        0  stm32f10x_usart.o(i.USART_GetITStatus)
    i.USART_ITConfig                         0x08001f30   Section        0  stm32f10x_usart.o(i.USART_ITConfig)
    i.USART_Init                             0x08001f7c   Section        0  stm32f10x_usart.o(i.USART_Init)
    i.USART_ReceiveData                      0x08002054   Section        0  stm32f10x_usart.o(i.USART_ReceiveData)
    i.USART_SendData                         0x0800205e   Section        0  stm32f10x_usart.o(i.USART_SendData)
    i.UsageFault_Handler                     0x08002066   Section        0  stm32f10x_it.o(i.UsageFault_Handler)
    i._DoInit                                0x0800206c   Section        0  segger_rtt.o(i._DoInit)
    _DoInit                                  0x0800206d   Thumb Code    82  segger_rtt.o(i._DoInit)
    i._EncodeStr                             0x080020dc   Section        0  segger_sysview.o(i._EncodeStr)
    _EncodeStr                               0x080020dd   Thumb Code    54  segger_sysview.o(i._EncodeStr)
    i._HandleIncomingPacket                  0x08002114   Section        0  segger_sysview.o(i._HandleIncomingPacket)
    _HandleIncomingPacket                    0x08002115   Thumb Code   162  segger_sysview.o(i._HandleIncomingPacket)
    i._PreparePacket                         0x080021bc   Section        0  segger_sysview.o(i._PreparePacket)
    _PreparePacket                           0x080021bd   Thumb Code     6  segger_sysview.o(i._PreparePacket)
    i._SendPacket                            0x080021c4   Section        0  segger_sysview.o(i._SendPacket)
    _SendPacket                              0x080021c5   Thumb Code   468  segger_sysview.o(i._SendPacket)
    i._TrySendOverflowPacket                 0x080023a4   Section        0  segger_sysview.o(i._TrySendOverflowPacket)
    _TrySendOverflowPacket                   0x080023a5   Thumb Code   126  segger_sysview.o(i._TrySendOverflowPacket)
    i.__0printf$2                            0x0800242c   Section        0  printf2.o(i.__0printf$2)
    i.__scatterload_copy                     0x0800244c   Section       14  handlers.o(i.__scatterload_copy)
    i.__scatterload_null                     0x0800245a   Section        2  handlers.o(i.__scatterload_null)
    i.__scatterload_zeroinit                 0x0800245c   Section       14  handlers.o(i.__scatterload_zeroinit)
    i._cbGetTime                             0x0800246a   Section        0  segger_sysview_freertos.o(i._cbGetTime)
    _cbGetTime                               0x0800246b   Thumb Code    62  segger_sysview_freertos.o(i._cbGetTime)
    i._cbSendSystemDesc                      0x080024a8   Section        0  segger_sysview_config_freertos.o(i._cbSendSystemDesc)
    _cbSendSystemDesc                        0x080024a9   Thumb Code    16  segger_sysview_config_freertos.o(i._cbSendSystemDesc)
    i._cbSendTaskList                        0x080024fc   Section        0  segger_sysview_freertos.o(i._cbSendTaskList)
    _cbSendTaskList                          0x080024fd   Thumb Code    76  segger_sysview_freertos.o(i._cbSendTaskList)
    i._printf_core                           0x08002550   Section        0  printf2.o(i._printf_core)
    _printf_core                             0x08002551   Thumb Code   214  printf2.o(i._printf_core)
    i.can_task                               0x08002628   Section        0  main.o(i.can_task)
    i.delay_ms                               0x08002774   Section        0  systick.o(i.delay_ms)
    i.fputc                                  0x080027c0   Section        0  usart.o(i.fputc)
    i.led1_task                              0x080027e4   Section        0  main.o(i.led1_task)
    i.led2_task                              0x08002820   Section        0  main.o(i.led2_task)
    i.main                                   0x0800285c   Section        0  main.o(i.main)
    i.prvAddCurrentTaskToDelayedList         0x080028b0   Section        0  tasks.o(i.prvAddCurrentTaskToDelayedList)
    prvAddCurrentTaskToDelayedList           0x080028b1   Thumb Code   194  tasks.o(i.prvAddCurrentTaskToDelayedList)
    i.prvAddNewTaskToReadyList               0x08002990   Section        0  tasks.o(i.prvAddNewTaskToReadyList)
    prvAddNewTaskToReadyList                 0x08002991   Thumb Code   248  tasks.o(i.prvAddNewTaskToReadyList)
    i.prvCheckTasksWaitingTermination        0x08002aa4   Section        0  tasks.o(i.prvCheckTasksWaitingTermination)
    prvCheckTasksWaitingTermination          0x08002aa5   Thumb Code    60  tasks.o(i.prvCheckTasksWaitingTermination)
    i.prvCreateIdleTasks                     0x08002aec   Section        0  tasks.o(i.prvCreateIdleTasks)
    prvCreateIdleTasks                       0x08002aed   Thumb Code    86  tasks.o(i.prvCreateIdleTasks)
    i.prvCreateTask                          0x08002b54   Section        0  tasks.o(i.prvCreateTask)
    prvCreateTask                            0x08002b55   Thumb Code    90  tasks.o(i.prvCreateTask)
    i.prvDeleteTCB                           0x08002bae   Section        0  tasks.o(i.prvDeleteTCB)
    prvDeleteTCB                             0x08002baf   Thumb Code    18  tasks.o(i.prvDeleteTCB)
    i.prvHeapInit                            0x08002bc0   Section        0  heap_4.o(i.prvHeapInit)
    prvHeapInit                              0x08002bc1   Thumb Code    88  heap_4.o(i.prvHeapInit)
    i.prvIdleTask                            0x08002c2c   Section        0  tasks.o(i.prvIdleTask)
    prvIdleTask                              0x08002c2d   Thumb Code    32  tasks.o(i.prvIdleTask)
    i.prvInitialiseNewTask                   0x08002c54   Section        0  tasks.o(i.prvInitialiseNewTask)
    prvInitialiseNewTask                     0x08002c55   Thumb Code   122  tasks.o(i.prvInitialiseNewTask)
    i.prvInitialiseTaskLists                 0x08002cd0   Section        0  tasks.o(i.prvInitialiseTaskLists)
    prvInitialiseTaskLists                   0x08002cd1   Thumb Code    70  tasks.o(i.prvInitialiseTaskLists)
    i.prvInsertBlockIntoFreeList             0x08002d38   Section        0  heap_4.o(i.prvInsertBlockIntoFreeList)
    prvInsertBlockIntoFreeList               0x08002d39   Thumb Code    96  heap_4.o(i.prvInsertBlockIntoFreeList)
    i.prvResetNextTaskUnblockTime            0x08002da0   Section        0  tasks.o(i.prvResetNextTaskUnblockTime)
    prvResetNextTaskUnblockTime              0x08002da1   Thumb Code    40  tasks.o(i.prvResetNextTaskUnblockTime)
    i.prvTaskExitError                       0x08002dd0   Section        0  port.o(i.prvTaskExitError)
    prvTaskExitError                         0x08002dd1   Thumb Code    22  port.o(i.prvTaskExitError)
    i.pvPortMalloc                           0x08002de8   Section        0  heap_4.o(i.pvPortMalloc)
    i.pxPortInitialiseStack                  0x08002ee8   Section        0  port.o(i.pxPortInitialiseStack)
    i.start_task                             0x08002f0c   Section        0  main.o(i.start_task)
    i.uxListRemove                           0x08002fa0   Section        0  list.o(i.uxListRemove)
    i.vListInitialise                        0x08002fd4   Section        0  list.o(i.vListInitialise)
    i.vListInitialiseItem                    0x08002ffa   Section        0  list.o(i.vListInitialiseItem)
    i.vListInsert                            0x0800300c   Section        0  list.o(i.vListInsert)
    i.vListInsertEnd                         0x0800304e   Section        0  list.o(i.vListInsertEnd)
    i.vPortEnterCritical                     0x08003074   Section        0  port.o(i.vPortEnterCritical)
    i.vPortExitCritical                      0x08003098   Section        0  port.o(i.vPortExitCritical)
    i.vPortFree                              0x080030b8   Section        0  heap_4.o(i.vPortFree)
    i.vPortSetupTimerInterrupt               0x08003104   Section        0  port.o(i.vPortSetupTimerInterrupt)
    i.vTaskDelay                             0x0800311c   Section        0  tasks.o(i.vTaskDelay)
    i.vTaskDelete                            0x08003154   Section        0  tasks.o(i.vTaskDelete)
    i.vTaskStartScheduler                    0x08003270   Section        0  tasks.o(i.vTaskStartScheduler)
    i.vTaskSuspendAll                        0x080032ec   Section        0  tasks.o(i.vTaskSuspendAll)
    i.vTaskSwitchContext                     0x08003304   Section        0  tasks.o(i.vTaskSwitchContext)
    i.xPortStartScheduler                    0x08003394   Section        0  port.o(i.xPortStartScheduler)
    i.xPortSysTickHandler                    0x080033c8   Section        0  port.o(i.xPortSysTickHandler)
    i.xTaskCreate                            0x08003408   Section        0  tasks.o(i.xTaskCreate)
    i.xTaskGetSchedulerState                 0x08003448   Section        0  tasks.o(i.xTaskGetSchedulerState)
    i.xTaskGetTickCountFromISR               0x08003474   Section        0  tasks.o(i.xTaskGetTickCountFromISR)
    i.xTaskIncrementTick                     0x0800348c   Section        0  tasks.o(i.xTaskIncrementTick)
    i.xTaskResumeAll                         0x0800363c   Section        0  tasks.o(i.xTaskResumeAll)
    .constdata                               0x080037c8   Section       33  segger_rtt.o(.constdata)
    _aTerminalId                             0x080037c8   Data          16  segger_rtt.o(.constdata)
    _aInitStr                                0x080037d8   Data          17  segger_rtt.o(.constdata)
    .constdata                               0x080037e9   Section       26  segger_sysview.o(.constdata)
    _abSync                                  0x080037e9   Data          10  segger_sysview.o(.constdata)
    _aV2C                                    0x080037f3   Data          16  segger_sysview.o(.constdata)
    .constdata                               0x08003804   Section        8  segger_sysview_freertos.o(.constdata)
    .conststring                             0x0800380c   Section       80  segger_sysview_freertos.o(.conststring)
    .data                                    0x20000000   Section       16  main.o(.data)
    .data                                    0x20000010   Section       20  stm32f10x_rcc.o(.data)
    APBAHBPrescTable                         0x20000010   Data          16  stm32f10x_rcc.o(.data)
    ADCPrescTable                            0x20000020   Data           4  stm32f10x_rcc.o(.data)
    .data                                    0x20000024   Section        1  key.o(.data)
    key                                      0x20000024   Data           1  key.o(.data)
    .data                                    0x20000026   Section        4  systick.o(.data)
    fac_us                                   0x20000026   Data           1  systick.o(.data)
    fac_ms                                   0x20000028   Data           2  systick.o(.data)
    .data                                    0x2000002c   Section       64  tasks.o(.data)
    pxDelayedTaskList                        0x20000030   Data           4  tasks.o(.data)
    pxOverflowDelayedTaskList                0x20000034   Data           4  tasks.o(.data)
    uxDeletedTasksWaitingCleanUp             0x20000038   Data           4  tasks.o(.data)
    uxCurrentNumberOfTasks                   0x2000003c   Data           4  tasks.o(.data)
    xTickCount                               0x20000040   Data           4  tasks.o(.data)
    uxTopReadyPriority                       0x20000044   Data           4  tasks.o(.data)
    xSchedulerRunning                        0x20000048   Data           4  tasks.o(.data)
    xPendedTicks                             0x2000004c   Data           4  tasks.o(.data)
    xYieldPendings                           0x20000050   Data           4  tasks.o(.data)
    xNumOfOverflows                          0x20000054   Data           4  tasks.o(.data)
    uxTaskNumber                             0x20000058   Data           4  tasks.o(.data)
    xNextTaskUnblockTime                     0x2000005c   Data           4  tasks.o(.data)
    xIdleTaskHandles                         0x20000060   Data           4  tasks.o(.data)
    uxTopUsedPriority                        0x20000064   Data           4  tasks.o(.data)
    uxSchedulerSuspended                     0x20000068   Data           4  tasks.o(.data)
    .data                                    0x2000006c   Section       28  heap_4.o(.data)
    xStart                                   0x2000006c   Data           8  heap_4.o(.data)
    pxEnd                                    0x20000074   Data           4  heap_4.o(.data)
    xFreeBytesRemaining                      0x20000078   Data           4  heap_4.o(.data)
    xMinimumEverFreeBytesRemaining           0x2000007c   Data           4  heap_4.o(.data)
    xNumberOfSuccessfulAllocations           0x20000080   Data           4  heap_4.o(.data)
    xNumberOfSuccessfulFrees                 0x20000084   Data           4  heap_4.o(.data)
    .data                                    0x20000088   Section        4  port.o(.data)
    uxCriticalNesting                        0x20000088   Data           4  port.o(.data)
    .data                                    0x2000008c   Section       21  segger_sysview.o(.data)
    _DownBuffer                              0x20000094   Data           8  segger_sysview.o(.data)
    _pFirstModule                            0x2000009c   Data           4  segger_sysview.o(.data)
    _NumModules                              0x200000a0   Data           1  segger_sysview.o(.data)
    .data                                    0x200000a4   Section        4  segger_sysview_freertos.o(.data)
    _NumTasks                                0x200000a4   Data           4  segger_sysview_freertos.o(.data)
    .data                                    0x200000a8   Section        4  stdout.o(.data)
    .bss                                     0x200000ac   Section      200  tasks.o(.bss)
    pxReadyTasksLists                        0x200000ac   Data         100  tasks.o(.bss)
    xDelayedTaskList1                        0x20000110   Data          20  tasks.o(.bss)
    xDelayedTaskList2                        0x20000124   Data          20  tasks.o(.bss)
    xPendingReadyList                        0x20000138   Data          20  tasks.o(.bss)
    xTasksWaitingTermination                 0x2000014c   Data          20  tasks.o(.bss)
    xSuspendedTaskList                       0x20000160   Data          20  tasks.o(.bss)
    .bss                                     0x20000174   Section    17408  heap_4.o(.bss)
    ucHeap                                   0x20000174   Data       17408  heap_4.o(.bss)
    .bss                                     0x20004574   Section     1208  segger_rtt.o(.bss)
    _acUpBuffer                              0x2000461c   Data        1024  segger_rtt.o(.bss)
    _acDownBuffer                            0x20004a1c   Data          16  segger_rtt.o(.bss)
    .bss                                     0x20004a2c   Section     1291  segger_sysview.o(.bss)
    _UpBuffer                                0x20004a2c   Data        1024  segger_sysview.o(.bss)
    _SYSVIEW_Globals                         0x20004e2c   Data          40  segger_sysview.o(.bss)
    _aPacket                                 0x20004e54   Data         227  segger_sysview.o(.bss)
    .bss                                     0x20004f38   Section      160  segger_sysview_freertos.o(.bss)
    _aTasks                                  0x20004f38   Data         160  segger_sysview_freertos.o(.bss)
    STACK                                    0x20004fd8   Section     1024  startup_stm32f10x_hd.o(STACK)

    Global Symbols

    Symbol Name                              Value     Ov Type        Size  Object(Section)

    BuildAttributes$$THM_ISAv4$P$D$K$B$S$PE$A:L22UL41UL21$X:L11$S22US41US21$IEEE1$IW$USESV6$~STKCKD$USESV7$~SHL$OSPACE$ROPI$EBA8$MICROLIB$REQ8$PRES8$EABIv2 0x00000000   Number         0  anon$$obj.o ABSOLUTE
    __ARM_use_no_argv                        0x00000000   Number         0  main.o ABSOLUTE
    _printf_a                                0x00000000   Number         0  stubs.o ABSOLUTE
    _printf_c                                0x00000000   Number         0  stubs.o ABSOLUTE
    _printf_charcount                        0x00000000   Number         0  stubs.o ABSOLUTE
    _printf_d                                0x00000000   Number         0  stubs.o ABSOLUTE
    _printf_e                                0x00000000   Number         0  stubs.o ABSOLUTE
    _printf_f                                0x00000000   Number         0  stubs.o ABSOLUTE
    _printf_flags                            0x00000000   Number         0  stubs.o ABSOLUTE
    _printf_fp_dec                           0x00000000   Number         0  stubs.o ABSOLUTE
    _printf_fp_hex                           0x00000000   Number         0  stubs.o ABSOLUTE
    _printf_g                                0x00000000   Number         0  stubs.o ABSOLUTE
    _printf_i                                0x00000000   Number         0  stubs.o ABSOLUTE
    _printf_int_dec                          0x00000000   Number         0  stubs.o ABSOLUTE
    _printf_l                                0x00000000   Number         0  stubs.o ABSOLUTE
    _printf_lc                               0x00000000   Number         0  stubs.o ABSOLUTE
    _printf_ll                               0x00000000   Number         0  stubs.o ABSOLUTE
    _printf_lld                              0x00000000   Number         0  stubs.o ABSOLUTE
    _printf_lli                              0x00000000   Number         0  stubs.o ABSOLUTE
    _printf_llo                              0x00000000   Number         0  stubs.o ABSOLUTE
    _printf_llu                              0x00000000   Number         0  stubs.o ABSOLUTE
    _printf_llx                              0x00000000   Number         0  stubs.o ABSOLUTE
    _printf_longlong_dec                     0x00000000   Number         0  stubs.o ABSOLUTE
    _printf_longlong_hex                     0x00000000   Number         0  stubs.o ABSOLUTE
    _printf_longlong_oct                     0x00000000   Number         0  stubs.o ABSOLUTE
    _printf_ls                               0x00000000   Number         0  stubs.o ABSOLUTE
    _printf_mbtowc                           0x00000000   Number         0  stubs.o ABSOLUTE
    _printf_n                                0x00000000   Number         0  stubs.o ABSOLUTE
    _printf_o                                0x00000000   Number         0  stubs.o ABSOLUTE
    _printf_p                                0x00000000   Number         0  stubs.o ABSOLUTE
    _printf_percent                          0x00000000   Number         0  stubs.o ABSOLUTE
    _printf_pre_padding                      0x00000000   Number         0  stubs.o ABSOLUTE
    _printf_return_value                     0x00000000   Number         0  stubs.o ABSOLUTE
    _printf_s                                0x00000000   Number         0  stubs.o ABSOLUTE
    _printf_sizespec                         0x00000000   Number         0  stubs.o ABSOLUTE
    _printf_str                              0x00000000   Number         0  stubs.o ABSOLUTE
    _printf_truncate_signed                  0x00000000   Number         0  stubs.o ABSOLUTE
    _printf_truncate_unsigned                0x00000000   Number         0  stubs.o ABSOLUTE
    _printf_u                                0x00000000   Number         0  stubs.o ABSOLUTE
    _printf_wc                               0x00000000   Number         0  stubs.o ABSOLUTE
    _printf_wctomb                           0x00000000   Number         0  stubs.o ABSOLUTE
    _printf_widthprec                        0x00000000   Number         0  stubs.o ABSOLUTE
    _printf_x                                0x00000000   Number         0  stubs.o ABSOLUTE
    __arm_fini_                               - Undefined Weak Reference
    __cpp_initialize__aeabi_                  - Undefined Weak Reference
    __cxa_finalize                            - Undefined Weak Reference
    __decompress                              - Undefined Weak Reference
    _clock_init                               - Undefined Weak Reference
    _microlib_exit                            - Undefined Weak Reference
    __Vectors_Size                           0x00000130   Number         0  startup_stm32f10x_hd.o ABSOLUTE
    __Vectors                                0x08000000   Data           4  startup_stm32f10x_hd.o(RESET)
    __Vectors_End                            0x08000130   Data           0  startup_stm32f10x_hd.o(RESET)
    __main                                   0x08000131   Thumb Code     0  entry.o(.ARM.Collect$$$$00000000)
    _main_stk                                0x08000131   Thumb Code     0  entry2.o(.ARM.Collect$$$$00000001)
    _main_scatterload                        0x08000135   Thumb Code     0  entry5.o(.ARM.Collect$$$$00000004)
    __main_after_scatterload                 0x08000139   Thumb Code     0  entry5.o(.ARM.Collect$$$$00000004)
    _main_clock                              0x08000139   Thumb Code     0  entry7b.o(.ARM.Collect$$$$00000008)
    _main_cpp_init                           0x08000139   Thumb Code     0  entry8b.o(.ARM.Collect$$$$0000000A)
    _main_init                               0x08000139   Thumb Code     0  entry9a.o(.ARM.Collect$$$$0000000B)
    __rt_lib_shutdown_fini                   0x08000141   Thumb Code     0  entry12b.o(.ARM.Collect$$$$0000000E)
    __rt_final_cpp                           0x08000145   Thumb Code     0  entry10a.o(.ARM.Collect$$$$0000000F)
    __rt_final_exit                          0x08000145   Thumb Code     0  entry11a.o(.ARM.Collect$$$$00000011)
    SVC_Handler                              0x08000149   Thumb Code    32  port.o(.emb_text)
    __asm___6_port_c_39a90d8d__prvStartFirstTask 0x0800016d   Thumb Code    28  port.o(.emb_text)
    PendSV_Handler                           0x0800018d   Thumb Code    72  port.o(.emb_text)
    vPortGetIPSR                             0x080001d9   Thumb Code     6  port.o(.emb_text)
    Reset_Handler                            0x080001e1   Thumb Code     8  startup_stm32f10x_hd.o(.text)
    ADC1_2_IRQHandler                        0x080001fb   Thumb Code     0  startup_stm32f10x_hd.o(.text)
    ADC3_IRQHandler                          0x080001fb   Thumb Code     0  startup_stm32f10x_hd.o(.text)
    CAN1_RX1_IRQHandler                      0x080001fb   Thumb Code     0  startup_stm32f10x_hd.o(.text)
    CAN1_SCE_IRQHandler                      0x080001fb   Thumb Code     0  startup_stm32f10x_hd.o(.text)
    DMA1_Channel1_IRQHandler                 0x080001fb   Thumb Code     0  startup_stm32f10x_hd.o(.text)
    DMA1_Channel2_IRQHandler                 0x080001fb   Thumb Code     0  startup_stm32f10x_hd.o(.text)
    DMA1_Channel3_IRQHandler                 0x080001fb   Thumb Code     0  startup_stm32f10x_hd.o(.text)
    DMA1_Channel4_IRQHandler                 0x080001fb   Thumb Code     0  startup_stm32f10x_hd.o(.text)
    DMA1_Channel5_IRQHandler                 0x080001fb   Thumb Code     0  startup_stm32f10x_hd.o(.text)
    DMA1_Channel6_IRQHandler                 0x080001fb   Thumb Code     0  startup_stm32f10x_hd.o(.text)
    DMA1_Channel7_IRQHandler                 0x080001fb   Thumb Code     0  startup_stm32f10x_hd.o(.text)
    DMA2_Channel1_IRQHandler                 0x080001fb   Thumb Code     0  startup_stm32f10x_hd.o(.text)
    DMA2_Channel2_IRQHandler                 0x080001fb   Thumb Code     0  startup_stm32f10x_hd.o(.text)
    DMA2_Channel3_IRQHandler                 0x080001fb   Thumb Code     0  startup_stm32f10x_hd.o(.text)
    DMA2_Channel4_5_IRQHandler               0x080001fb   Thumb Code     0  startup_stm32f10x_hd.o(.text)
    EXTI0_IRQHandler                         0x080001fb   Thumb Code     0  startup_stm32f10x_hd.o(.text)
    EXTI15_10_IRQHandler                     0x080001fb   Thumb Code     0  startup_stm32f10x_hd.o(.text)
    EXTI1_IRQHandler                         0x080001fb   Thumb Code     0  startup_stm32f10x_hd.o(.text)
    EXTI2_IRQHandler                         0x080001fb   Thumb Code     0  startup_stm32f10x_hd.o(.text)
    EXTI3_IRQHandler                         0x080001fb   Thumb Code     0  startup_stm32f10x_hd.o(.text)
    EXTI4_IRQHandler                         0x080001fb   Thumb Code     0  startup_stm32f10x_hd.o(.text)
    EXTI9_5_IRQHandler                       0x080001fb   Thumb Code     0  startup_stm32f10x_hd.o(.text)
    FLASH_IRQHandler                         0x080001fb   Thumb Code     0  startup_stm32f10x_hd.o(.text)
    FSMC_IRQHandler                          0x080001fb   Thumb Code     0  startup_stm32f10x_hd.o(.text)
    I2C1_ER_IRQHandler                       0x080001fb   Thumb Code     0  startup_stm32f10x_hd.o(.text)
    I2C1_EV_IRQHandler                       0x080001fb   Thumb Code     0  startup_stm32f10x_hd.o(.text)
    I2C2_ER_IRQHandler                       0x080001fb   Thumb Code     0  startup_stm32f10x_hd.o(.text)
    I2C2_EV_IRQHandler                       0x080001fb   Thumb Code     0  startup_stm32f10x_hd.o(.text)
    PVD_IRQHandler                           0x080001fb   Thumb Code     0  startup_stm32f10x_hd.o(.text)
    RCC_IRQHandler                           0x080001fb   Thumb Code     0  startup_stm32f10x_hd.o(.text)
    RTCAlarm_IRQHandler                      0x080001fb   Thumb Code     0  startup_stm32f10x_hd.o(.text)
    RTC_IRQHandler                           0x080001fb   Thumb Code     0  startup_stm32f10x_hd.o(.text)
    SDIO_IRQHandler                          0x080001fb   Thumb Code     0  startup_stm32f10x_hd.o(.text)
    SPI1_IRQHandler                          0x080001fb   Thumb Code     0  startup_stm32f10x_hd.o(.text)
    SPI2_IRQHandler                          0x080001fb   Thumb Code     0  startup_stm32f10x_hd.o(.text)
    SPI3_IRQHandler                          0x080001fb   Thumb Code     0  startup_stm32f10x_hd.o(.text)
    TAMPER_IRQHandler                        0x080001fb   Thumb Code     0  startup_stm32f10x_hd.o(.text)
    TIM1_BRK_IRQHandler                      0x080001fb   Thumb Code     0  startup_stm32f10x_hd.o(.text)
    TIM1_CC_IRQHandler                       0x080001fb   Thumb Code     0  startup_stm32f10x_hd.o(.text)
    TIM1_TRG_COM_IRQHandler                  0x080001fb   Thumb Code     0  startup_stm32f10x_hd.o(.text)
    TIM1_UP_IRQHandler                       0x080001fb   Thumb Code     0  startup_stm32f10x_hd.o(.text)
    TIM2_IRQHandler                          0x080001fb   Thumb Code     0  startup_stm32f10x_hd.o(.text)
    TIM3_IRQHandler                          0x080001fb   Thumb Code     0  startup_stm32f10x_hd.o(.text)
    TIM4_IRQHandler                          0x080001fb   Thumb Code     0  startup_stm32f10x_hd.o(.text)
    TIM5_IRQHandler                          0x080001fb   Thumb Code     0  startup_stm32f10x_hd.o(.text)
    TIM6_IRQHandler                          0x080001fb   Thumb Code     0  startup_stm32f10x_hd.o(.text)
    TIM7_IRQHandler                          0x080001fb   Thumb Code     0  startup_stm32f10x_hd.o(.text)
    TIM8_BRK_IRQHandler                      0x080001fb   Thumb Code     0  startup_stm32f10x_hd.o(.text)
    TIM8_CC_IRQHandler                       0x080001fb   Thumb Code     0  startup_stm32f10x_hd.o(.text)
    TIM8_TRG_COM_IRQHandler                  0x080001fb   Thumb Code     0  startup_stm32f10x_hd.o(.text)
    TIM8_UP_IRQHandler                       0x080001fb   Thumb Code     0  startup_stm32f10x_hd.o(.text)
    UART4_IRQHandler                         0x080001fb   Thumb Code     0  startup_stm32f10x_hd.o(.text)
    UART5_IRQHandler                         0x080001fb   Thumb Code     0  startup_stm32f10x_hd.o(.text)
    USART2_IRQHandler                        0x080001fb   Thumb Code     0  startup_stm32f10x_hd.o(.text)
    USART3_IRQHandler                        0x080001fb   Thumb Code     0  startup_stm32f10x_hd.o(.text)
    USBWakeUp_IRQHandler                     0x080001fb   Thumb Code     0  startup_stm32f10x_hd.o(.text)
    USB_HP_CAN1_TX_IRQHandler                0x080001fb   Thumb Code     0  startup_stm32f10x_hd.o(.text)
    USB_LP_CAN1_RX0_IRQHandler               0x080001fb   Thumb Code     0  startup_stm32f10x_hd.o(.text)
    WWDG_IRQHandler                          0x080001fb   Thumb Code     0  startup_stm32f10x_hd.o(.text)
    __aeabi_memcpy                           0x08000205   Thumb Code    36  memcpya.o(.text)
    __aeabi_memcpy4                          0x08000205   Thumb Code     0  memcpya.o(.text)
    __aeabi_memcpy8                          0x08000205   Thumb Code     0  memcpya.o(.text)
    __aeabi_memset                           0x08000229   Thumb Code    14  memseta.o(.text)
    __aeabi_memset4                          0x08000229   Thumb Code     0  memseta.o(.text)
    __aeabi_memset8                          0x08000229   Thumb Code     0  memseta.o(.text)
    __aeabi_memclr                           0x08000237   Thumb Code     4  memseta.o(.text)
    __aeabi_memclr4                          0x08000237   Thumb Code     0  memseta.o(.text)
    __aeabi_memclr8                          0x08000237   Thumb Code     0  memseta.o(.text)
    _memset$wrapper                          0x0800023b   Thumb Code    18  memseta.o(.text)
    memcmp                                   0x0800024d   Thumb Code    26  memcmp.o(.text)
    __scatterload                            0x08000269   Thumb Code    28  init.o(.text)
    __scatterload_rt2                        0x08000269   Thumb Code     0  init.o(.text)
    BusFault_Handler                         0x0800028d   Thumb Code     4  stm32f10x_it.o(i.BusFault_Handler)
    CAN_FilterInit                           0x08000291   Thumb Code   258  stm32f10x_can.o(i.CAN_FilterInit)
    CAN_Init                                 0x08000399   Thumb Code   276  stm32f10x_can.o(i.CAN_Init)
    CAN_MessagePending                       0x080004ad   Thumb Code    30  stm32f10x_can.o(i.CAN_MessagePending)
    CAN_Mode_Init                            0x080004cd   Thumb Code   198  can.o(i.CAN_Mode_Init)
    CAN_Receive                              0x0800059d   Thumb Code   240  stm32f10x_can.o(i.CAN_Receive)
    CAN_Receive_Msg                          0x0800068d   Thumb Code    60  can.o(i.CAN_Receive_Msg)
    CAN_Send_Msg                             0x080006cd   Thumb Code   104  can.o(i.CAN_Send_Msg)
    CAN_Transmit                             0x08000739   Thumb Code   294  stm32f10x_can.o(i.CAN_Transmit)
    CAN_TransmitStatus                       0x08000861   Thumb Code   138  stm32f10x_can.o(i.CAN_TransmitStatus)
    DebugMon_Handler                         0x08000901   Thumb Code     2  stm32f10x_it.o(i.DebugMon_Handler)
    GPIO_Init                                0x08000903   Thumb Code   278  stm32f10x_gpio.o(i.GPIO_Init)
    GPIO_SetBits                             0x08000a19   Thumb Code     4  stm32f10x_gpio.o(i.GPIO_SetBits)
    HardFault_Handler                        0x08000a1d   Thumb Code     4  stm32f10x_it.o(i.HardFault_Handler)
    KEY_Init                                 0x08000a21   Thumb Code    64  key.o(i.KEY_Init)
    KEY_Scan                                 0x08000a69   Thumb Code   142  key.o(i.KEY_Scan)
    LED_Init                                 0x08000b05   Thumb Code    46  led.o(i.LED_Init)
    MemManage_Handler                        0x08000b39   Thumb Code     4  stm32f10x_it.o(i.MemManage_Handler)
    NMI_Handler                              0x08000b3d   Thumb Code     2  stm32f10x_it.o(i.NMI_Handler)
    NVIC_Init                                0x08000b41   Thumb Code   100  misc.o(i.NVIC_Init)
    NVIC_PriorityGroupConfig                 0x08000bb1   Thumb Code    10  misc.o(i.NVIC_PriorityGroupConfig)
    RCC_APB1PeriphClockCmd                   0x08000bc5   Thumb Code    26  stm32f10x_rcc.o(i.RCC_APB1PeriphClockCmd)
    RCC_APB2PeriphClockCmd                   0x08000be5   Thumb Code    26  stm32f10x_rcc.o(i.RCC_APB2PeriphClockCmd)
    RCC_GetClocksFreq                        0x08000c05   Thumb Code   192  stm32f10x_rcc.o(i.RCC_GetClocksFreq)
    SEGGER_RTT_AllocUpBuffer                 0x08000cd9   Thumb Code   194  segger_rtt.o(i.SEGGER_RTT_AllocUpBuffer)
    SEGGER_RTT_ConfigDownBuffer              0x08000da1   Thumb Code   114  segger_rtt.o(i.SEGGER_RTT_ConfigDownBuffer)
    SEGGER_RTT_ReadNoLock                    0x08000e19   Thumb Code   166  segger_rtt.o(i.SEGGER_RTT_ReadNoLock)
    SEGGER_RTT_WriteSkipNoLock               0x08000ec5   Thumb Code   154  segger_rtt.o(i.SEGGER_RTT_WriteSkipNoLock)
    SEGGER_SYSVIEW_Conf                      0x08000f65   Thumb Code    24  segger_sysview_config_freertos.o(i.SEGGER_SYSVIEW_Conf)
    SEGGER_SYSVIEW_GetSysDesc                0x08000f89   Thumb Code   180  segger_sysview.o(i.SEGGER_SYSVIEW_GetSysDesc)
    SEGGER_SYSVIEW_Init                      0x08001045   Thumb Code    78  segger_sysview.o(i.SEGGER_SYSVIEW_Init)
    SEGGER_SYSVIEW_OnIdle                    0x080010ad   Thumb Code    48  segger_sysview.o(i.SEGGER_SYSVIEW_OnIdle)
    SEGGER_SYSVIEW_OnTaskCreate              0x080010e1   Thumb Code    90  segger_sysview.o(i.SEGGER_SYSVIEW_OnTaskCreate)
    SEGGER_SYSVIEW_OnTaskStartExec           0x08001145   Thumb Code    90  segger_sysview.o(i.SEGGER_SYSVIEW_OnTaskStartExec)
    SEGGER_SYSVIEW_OnTaskStartReady          0x080011a9   Thumb Code    90  segger_sysview.o(i.SEGGER_SYSVIEW_OnTaskStartReady)
    SEGGER_SYSVIEW_OnTaskStopReady           0x0800120d   Thumb Code   122  segger_sysview.o(i.SEGGER_SYSVIEW_OnTaskStopReady)
    SEGGER_SYSVIEW_RecordEndCall             0x08001291   Thumb Code    84  segger_sysview.o(i.SEGGER_SYSVIEW_RecordEndCall)
    SEGGER_SYSVIEW_RecordEndCallU32          0x080012e9   Thumb Code   116  segger_sysview.o(i.SEGGER_SYSVIEW_RecordEndCallU32)
    SEGGER_SYSVIEW_RecordEnterISR            0x08001361   Thumb Code    90  segger_sysview.o(i.SEGGER_SYSVIEW_RecordEnterISR)
    SEGGER_SYSVIEW_RecordExitISR             0x080013c5   Thumb Code    48  segger_sysview.o(i.SEGGER_SYSVIEW_RecordExitISR)
    SEGGER_SYSVIEW_RecordExitISRToScheduler  0x080013f9   Thumb Code    48  segger_sysview.o(i.SEGGER_SYSVIEW_RecordExitISRToScheduler)
    SEGGER_SYSVIEW_RecordSystime             0x0800142d   Thumb Code    52  segger_sysview.o(i.SEGGER_SYSVIEW_RecordSystime)
    SEGGER_SYSVIEW_RecordU32                 0x08001469   Thumb Code    88  segger_sysview.o(i.SEGGER_SYSVIEW_RecordU32)
    SEGGER_SYSVIEW_RecordU32x2               0x080014c5   Thumb Code   118  segger_sysview.o(i.SEGGER_SYSVIEW_RecordU32x2)
    SEGGER_SYSVIEW_RecordVoid                0x08001541   Thumb Code    50  segger_sysview.o(i.SEGGER_SYSVIEW_RecordVoid)
    SEGGER_SYSVIEW_SendModule                0x08001579   Thumb Code   172  segger_sysview.o(i.SEGGER_SYSVIEW_SendModule)
    SEGGER_SYSVIEW_SendModuleDescription     0x0800162d   Thumb Code    30  segger_sysview.o(i.SEGGER_SYSVIEW_SendModuleDescription)
    SEGGER_SYSVIEW_SendNumModules            0x08001651   Thumb Code    80  segger_sysview.o(i.SEGGER_SYSVIEW_SendNumModules)
    SEGGER_SYSVIEW_SendSysDesc               0x080016a9   Thumb Code    66  segger_sysview.o(i.SEGGER_SYSVIEW_SendSysDesc)
    SEGGER_SYSVIEW_SendTaskInfo              0x080016f1   Thumb Code   260  segger_sysview.o(i.SEGGER_SYSVIEW_SendTaskInfo)
    SEGGER_SYSVIEW_SendTaskList              0x080017fd   Thumb Code    26  segger_sysview.o(i.SEGGER_SYSVIEW_SendTaskList)
    SEGGER_SYSVIEW_SetRAMBase                0x0800181d   Thumb Code     6  segger_sysview.o(i.SEGGER_SYSVIEW_SetRAMBase)
    SEGGER_SYSVIEW_ShrinkId                  0x08001829   Thumb Code    10  segger_sysview.o(i.SEGGER_SYSVIEW_ShrinkId)
    SEGGER_SYSVIEW_Start                     0x08001839   Thumb Code   240  segger_sysview.o(i.SEGGER_SYSVIEW_Start)
    SEGGER_SYSVIEW_Stop                      0x08001935   Thumb Code    60  segger_sysview.o(i.SEGGER_SYSVIEW_Stop)
    SEGGER_SYSVIEW_Warn                      0x08001979   Thumb Code   122  segger_sysview.o(i.SEGGER_SYSVIEW_Warn)
    SYSVIEW_AddTask                          0x080019f9   Thumb Code   150  segger_sysview_freertos.o(i.SYSVIEW_AddTask)
    SYSVIEW_DeleteTask                       0x08001aa5   Thumb Code   262  segger_sysview_freertos.o(i.SYSVIEW_DeleteTask)
    SYSVIEW_SendTaskInfo                     0x08001bb5   Thumb Code    50  segger_sysview_freertos.o(i.SYSVIEW_SendTaskInfo)
    SysTick_CLKSourceConfig                  0x08001cd1   Thumb Code    40  misc.o(i.SysTick_CLKSourceConfig)
    SysTick_Handler                          0x08001cf9   Thumb Code    16  systick.o(i.SysTick_Handler)
    SysTick_Init                             0x08001d09   Thumb Code    52  systick.o(i.SysTick_Init)
    SystemInit                               0x08001d45   Thumb Code    78  system_stm32f10x.o(i.SystemInit)
    USART1_IRQHandler                        0x08001da5   Thumb Code    54  usart.o(i.USART1_IRQHandler)
    USART1_Init                              0x08001de1   Thumb Code   174  usart.o(i.USART1_Init)
    USART_ClearFlag                          0x08001e99   Thumb Code    18  stm32f10x_usart.o(i.USART_ClearFlag)
    USART_Cmd                                0x08001eab   Thumb Code    24  stm32f10x_usart.o(i.USART_Cmd)
    USART_GetFlagStatus                      0x08001ec3   Thumb Code    26  stm32f10x_usart.o(i.USART_GetFlagStatus)
    USART_GetITStatus                        0x08001edd   Thumb Code    84  stm32f10x_usart.o(i.USART_GetITStatus)
    USART_ITConfig                           0x08001f31   Thumb Code    74  stm32f10x_usart.o(i.USART_ITConfig)
    USART_Init                               0x08001f7d   Thumb Code   210  stm32f10x_usart.o(i.USART_Init)
    USART_ReceiveData                        0x08002055   Thumb Code    10  stm32f10x_usart.o(i.USART_ReceiveData)
    USART_SendData                           0x0800205f   Thumb Code     8  stm32f10x_usart.o(i.USART_SendData)
    UsageFault_Handler                       0x08002067   Thumb Code     4  stm32f10x_it.o(i.UsageFault_Handler)
    __0printf$2                              0x0800242d   Thumb Code    22  printf2.o(i.__0printf$2)
    __1printf$2                              0x0800242d   Thumb Code     0  printf2.o(i.__0printf$2)
    __2printf                                0x0800242d   Thumb Code     0  printf2.o(i.__0printf$2)
    __scatterload_copy                       0x0800244d   Thumb Code    14  handlers.o(i.__scatterload_copy)
    __scatterload_null                       0x0800245b   Thumb Code     2  handlers.o(i.__scatterload_null)
    __scatterload_zeroinit                   0x0800245d   Thumb Code    14  handlers.o(i.__scatterload_zeroinit)
    can_task                                 0x08002629   Thumb Code   222  main.o(i.can_task)
    delay_ms                                 0x08002775   Thumb Code    72  systick.o(i.delay_ms)
    fputc                                    0x080027c1   Thumb Code    32  usart.o(i.fputc)
    led1_task                                0x080027e5   Thumb Code    30  main.o(i.led1_task)
    led2_task                                0x08002821   Thumb Code    30  main.o(i.led2_task)
    main                                     0x0800285d   Thumb Code    64  main.o(i.main)
    pvPortMalloc                             0x08002de9   Thumb Code   234  heap_4.o(i.pvPortMalloc)
    pxPortInitialiseStack                    0x08002ee9   Thumb Code    30  port.o(i.pxPortInitialiseStack)
    start_task                               0x08002f0d   Thumb Code    82  main.o(i.start_task)
    uxListRemove                             0x08002fa1   Thumb Code    52  list.o(i.uxListRemove)
    vListInitialise                          0x08002fd5   Thumb Code    38  list.o(i.vListInitialise)
    vListInitialiseItem                      0x08002ffb   Thumb Code    18  list.o(i.vListInitialiseItem)
    vListInsert                              0x0800300d   Thumb Code    66  list.o(i.vListInsert)
    vListInsertEnd                           0x0800304f   Thumb Code    38  list.o(i.vListInsertEnd)
    vPortEnterCritical                       0x08003075   Thumb Code    30  port.o(i.vPortEnterCritical)
    vPortExitCritical                        0x08003099   Thumb Code    28  port.o(i.vPortExitCritical)
    vPortFree                                0x080030b9   Thumb Code    68  heap_4.o(i.vPortFree)
    vPortSetupTimerInterrupt                 0x08003105   Thumb Code    20  port.o(i.vPortSetupTimerInterrupt)
    vTaskDelay                               0x0800311d   Thumb Code    52  tasks.o(i.vTaskDelay)
    vTaskDelete                              0x08003155   Thumb Code   248  tasks.o(i.vTaskDelete)
    vTaskStartScheduler                      0x08003271   Thumb Code    96  tasks.o(i.vTaskStartScheduler)
    vTaskSuspendAll                          0x080032ed   Thumb Code    20  tasks.o(i.vTaskSuspendAll)
    vTaskSwitchContext                       0x08003305   Thumb Code   116  tasks.o(i.vTaskSwitchContext)
    xPortStartScheduler                      0x08003395   Thumb Code    42  port.o(i.xPortStartScheduler)
    xPortSysTickHandler                      0x080033c9   Thumb Code    60  port.o(i.xPortSysTickHandler)
    xTaskCreate                              0x08003409   Thumb Code    64  tasks.o(i.xTaskCreate)
    xTaskGetSchedulerState                   0x08003449   Thumb Code    36  tasks.o(i.xTaskGetSchedulerState)
    xTaskGetTickCountFromISR                 0x08003475   Thumb Code    20  tasks.o(i.xTaskGetTickCountFromISR)
    xTaskIncrementTick                       0x0800348d   Thumb Code   388  tasks.o(i.xTaskIncrementTick)
    xTaskResumeAll                           0x0800363d   Thumb Code   358  tasks.o(i.xTaskResumeAll)
    SYSVIEW_X_OS_TraceAPI                    0x08003804   Data           8  segger_sysview_freertos.o(.constdata)
    Region$$Table$$Base                      0x0800385c   Number         0  anon$$obj.o(Region$$Table)
    Region$$Table$$Limit                     0x0800387c   Number         0  anon$$obj.o(Region$$Table)
    StartTask_Handler                        0x20000000   Data           4  main.o(.data)
    LED1Task_Handler                         0x20000004   Data           4  main.o(.data)
    LED2Task_Handler                         0x20000008   Data           4  main.o(.data)
    CanTask_Handler                          0x2000000c   Data           4  main.o(.data)
    pxCurrentTCB                             0x2000002c   Data           4  tasks.o(.data)
    SEGGER_SYSVIEW_TickCnt                   0x2000008c   Data           4  segger_sysview.o(.data)
    SEGGER_SYSVIEW_InterruptId               0x20000090   Data           4  segger_sysview.o(.data)
    __stdout                                 0x200000a8   Data           4  stdout.o(.data)
    _SEGGER_RTT                              0x20004574   Data         168  segger_rtt.o(.bss)
    __initial_sp                             0x200053d8   Data           0  startup_stm32f10x_hd.o(STACK)



==============================================================================

Memory Map of the image

  Image Entry point : 0x08000131

  Load Region LR_IROM1 (Base: 0x08000000, Size: 0x00003928, Max: 0x00080000, ABSOLUTE)

    Execution Region ER_IROM1 (Base: 0x08000000, Size: 0x0000387c, Max: 0x00080000, ABSOLUTE)

    Base Addr    Size         Type   Attr      Idx    E Section Name        Object

    0x08000000   0x00000130   Data   RO          274    RESET               startup_stm32f10x_hd.o
    0x08000130   0x00000000   Code   RO         4306  * .ARM.Collect$$$$00000000  mc_w.l(entry.o)
    0x08000130   0x00000004   Code   RO         4582    .ARM.Collect$$$$00000001  mc_w.l(entry2.o)
    0x08000134   0x00000004   Code   RO         4585    .ARM.Collect$$$$00000004  mc_w.l(entry5.o)
    0x08000138   0x00000000   Code   RO         4587    .ARM.Collect$$$$00000008  mc_w.l(entry7b.o)
    0x08000138   0x00000000   Code   RO         4589    .ARM.Collect$$$$0000000A  mc_w.l(entry8b.o)
    0x08000138   0x00000008   Code   RO         4590    .ARM.Collect$$$$0000000B  mc_w.l(entry9a.o)
    0x08000140   0x00000004   Code   RO         4597    .ARM.Collect$$$$0000000E  mc_w.l(entry12b.o)
    0x08000144   0x00000000   Code   RO         4592    .ARM.Collect$$$$0000000F  mc_w.l(entry10a.o)
    0x08000144   0x00000000   Code   RO         4594    .ARM.Collect$$$$00000011  mc_w.l(entry11a.o)
    0x08000144   0x00000004   Code   RO         4583    .ARM.Collect$$$$00002712  mc_w.l(entry2.o)
    0x08000148   0x00000096   Code   RO         3318    .emb_text           port.o
    0x080001de   0x00000002   PAD
    0x080001e0   0x00000024   Code   RO          275    .text               startup_stm32f10x_hd.o
    0x08000204   0x00000024   Code   RO         4309    .text               mc_w.l(memcpya.o)
    0x08000228   0x00000024   Code   RO         4311    .text               mc_w.l(memseta.o)
    0x0800024c   0x0000001a   Code   RO         4315    .text               mc_w.l(memcmp.o)
    0x08000266   0x00000002   PAD
    0x08000268   0x00000024   Code   RO         4614    .text               mc_w.l(init.o)
    0x0800028c   0x00000004   Code   RO          205    i.BusFault_Handler  stm32f10x_it.o
    0x08000290   0x00000108   Code   RO         2114    i.CAN_FilterInit    stm32f10x_can.o
    0x08000398   0x00000114   Code   RO         2121    i.CAN_Init          stm32f10x_can.o
    0x080004ac   0x0000001e   Code   RO         2122    i.CAN_MessagePending  stm32f10x_can.o
    0x080004ca   0x00000002   PAD
    0x080004cc   0x000000d0   Code   RO         2322    i.CAN_Mode_Init     can.o
    0x0800059c   0x000000f0   Code   RO         2124    i.CAN_Receive       stm32f10x_can.o
    0x0800068c   0x00000040   Code   RO         2323    i.CAN_Receive_Msg   can.o
    0x080006cc   0x0000006c   Code   RO         2324    i.CAN_Send_Msg      can.o
    0x08000738   0x00000126   Code   RO         2129    i.CAN_Transmit      stm32f10x_can.o
    0x0800085e   0x00000002   PAD
    0x08000860   0x000000a0   Code   RO         2130    i.CAN_TransmitStatus  stm32f10x_can.o
    0x08000900   0x00000002   Code   RO          206    i.DebugMon_Handler  stm32f10x_it.o
    0x08000902   0x00000116   Code   RO          286    i.GPIO_Init         stm32f10x_gpio.o
    0x08000a18   0x00000004   Code   RO          294    i.GPIO_SetBits      stm32f10x_gpio.o
    0x08000a1c   0x00000004   Code   RO          207    i.HardFault_Handler  stm32f10x_it.o
    0x08000a20   0x00000048   Code   RO         2353    i.KEY_Init          key.o
    0x08000a68   0x0000009c   Code   RO         2354    i.KEY_Scan          key.o
    0x08000b04   0x00000034   Code   RO         2307    i.LED_Init          led.o
    0x08000b38   0x00000004   Code   RO          208    i.MemManage_Handler  stm32f10x_it.o
    0x08000b3c   0x00000002   Code   RO          209    i.NMI_Handler       stm32f10x_it.o
    0x08000b3e   0x00000002   PAD
    0x08000b40   0x00000070   Code   RO          594    i.NVIC_Init         misc.o
    0x08000bb0   0x00000014   Code   RO          595    i.NVIC_PriorityGroupConfig  misc.o
    0x08000bc4   0x00000020   Code   RO          396    i.RCC_APB1PeriphClockCmd  stm32f10x_rcc.o
    0x08000be4   0x00000020   Code   RO          398    i.RCC_APB2PeriphClockCmd  stm32f10x_rcc.o
    0x08000c04   0x000000d4   Code   RO          406    i.RCC_GetClocksFreq  stm32f10x_rcc.o
    0x08000cd8   0x000000c8   Code   RO         3390    i.SEGGER_RTT_AllocUpBuffer  segger_rtt.o
    0x08000da0   0x00000078   Code   RO         3391    i.SEGGER_RTT_ConfigDownBuffer  segger_rtt.o
    0x08000e18   0x000000ac   Code   RO         3404    i.SEGGER_RTT_ReadNoLock  segger_rtt.o
    0x08000ec4   0x000000a0   Code   RO         3418    i.SEGGER_RTT_WriteSkipNoLock  segger_rtt.o
    0x08000f64   0x00000024   Code   RO         4239    i.SEGGER_SYSVIEW_Conf  segger_sysview_config_freertos.o
    0x08000f88   0x000000bc   Code   RO         3671    i.SEGGER_SYSVIEW_GetSysDesc  segger_sysview.o
    0x08001044   0x00000068   Code   RO         3676    i.SEGGER_SYSVIEW_Init  segger_sysview.o
    0x080010ac   0x00000034   Code   RO         3683    i.SEGGER_SYSVIEW_OnIdle  segger_sysview.o
    0x080010e0   0x00000064   Code   RO         3684    i.SEGGER_SYSVIEW_OnTaskCreate  segger_sysview.o
    0x08001144   0x00000064   Code   RO         3685    i.SEGGER_SYSVIEW_OnTaskStartExec  segger_sysview.o
    0x080011a8   0x00000064   Code   RO         3686    i.SEGGER_SYSVIEW_OnTaskStartReady  segger_sysview.o
    0x0800120c   0x00000084   Code   RO         3688    i.SEGGER_SYSVIEW_OnTaskStopReady  segger_sysview.o
    0x08001290   0x00000058   Code   RO         3695    i.SEGGER_SYSVIEW_RecordEndCall  segger_sysview.o
    0x080012e8   0x00000078   Code   RO         3696    i.SEGGER_SYSVIEW_RecordEndCallU32  segger_sysview.o
    0x08001360   0x00000064   Code   RO         3697    i.SEGGER_SYSVIEW_RecordEnterISR  segger_sysview.o
    0x080013c4   0x00000034   Code   RO         3699    i.SEGGER_SYSVIEW_RecordExitISR  segger_sysview.o
    0x080013f8   0x00000034   Code   RO         3700    i.SEGGER_SYSVIEW_RecordExitISRToScheduler  segger_sysview.o
    0x0800142c   0x0000003c   Code   RO         3704    i.SEGGER_SYSVIEW_RecordSystime  segger_sysview.o
    0x08001468   0x0000005c   Code   RO         3705    i.SEGGER_SYSVIEW_RecordU32  segger_sysview.o
    0x080014c4   0x0000007c   Code   RO         3707    i.SEGGER_SYSVIEW_RecordU32x2  segger_sysview.o
    0x08001540   0x00000038   Code   RO         3715    i.SEGGER_SYSVIEW_RecordVoid  segger_sysview.o
    0x08001578   0x000000b4   Code   RO         3719    i.SEGGER_SYSVIEW_SendModule  segger_sysview.o
    0x0800162c   0x00000024   Code   RO         3720    i.SEGGER_SYSVIEW_SendModuleDescription  segger_sysview.o
    0x08001650   0x00000058   Code   RO         3721    i.SEGGER_SYSVIEW_SendNumModules  segger_sysview.o
    0x080016a8   0x00000048   Code   RO         3724    i.SEGGER_SYSVIEW_SendSysDesc  segger_sysview.o
    0x080016f0   0x0000010c   Code   RO         3725    i.SEGGER_SYSVIEW_SendTaskInfo  segger_sysview.o
    0x080017fc   0x00000020   Code   RO         3726    i.SEGGER_SYSVIEW_SendTaskList  segger_sysview.o
    0x0800181c   0x0000000c   Code   RO         3727    i.SEGGER_SYSVIEW_SetRAMBase  segger_sysview.o
    0x08001828   0x00000010   Code   RO         3728    i.SEGGER_SYSVIEW_ShrinkId  segger_sysview.o
    0x08001838   0x000000fc   Code   RO         3729    i.SEGGER_SYSVIEW_Start  segger_sysview.o
    0x08001934   0x00000044   Code   RO         3730    i.SEGGER_SYSVIEW_Stop  segger_sysview.o
    0x08001978   0x00000080   Code   RO         3739    i.SEGGER_SYSVIEW_Warn  segger_sysview.o
    0x080019f8   0x000000ac   Code   RO         4257    i.SYSVIEW_AddTask   segger_sysview_freertos.o
    0x08001aa4   0x00000110   Code   RO         4258    i.SYSVIEW_DeleteTask  segger_sysview_freertos.o
    0x08001bb4   0x00000032   Code   RO         4259    i.SYSVIEW_SendTaskInfo  segger_sysview_freertos.o
    0x08001be6   0x00000008   Code   RO         2263    i.SetSysClock       system_stm32f10x.o
    0x08001bee   0x00000002   PAD
    0x08001bf0   0x000000e0   Code   RO         2264    i.SetSysClockTo72   system_stm32f10x.o
    0x08001cd0   0x00000028   Code   RO          598    i.SysTick_CLKSourceConfig  misc.o
    0x08001cf8   0x00000010   Code   RO         2384    i.SysTick_Handler   systick.o
    0x08001d08   0x0000003c   Code   RO         2385    i.SysTick_Init      systick.o
    0x08001d44   0x00000060   Code   RO         2266    i.SystemInit        system_stm32f10x.o
    0x08001da4   0x0000003c   Code   RO         2428    i.USART1_IRQHandler  usart.o
    0x08001de0   0x000000b8   Code   RO         2429    i.USART1_Init       usart.o
    0x08001e98   0x00000012   Code   RO         1232    i.USART_ClearFlag   stm32f10x_usart.o
    0x08001eaa   0x00000018   Code   RO         1236    i.USART_Cmd         stm32f10x_usart.o
    0x08001ec2   0x0000001a   Code   RO         1239    i.USART_GetFlagStatus  stm32f10x_usart.o
    0x08001edc   0x00000054   Code   RO         1240    i.USART_GetITStatus  stm32f10x_usart.o
    0x08001f30   0x0000004a   Code   RO         1242    i.USART_ITConfig    stm32f10x_usart.o
    0x08001f7a   0x00000002   PAD
    0x08001f7c   0x000000d8   Code   RO         1243    i.USART_Init        stm32f10x_usart.o
    0x08002054   0x0000000a   Code   RO         1250    i.USART_ReceiveData  stm32f10x_usart.o
    0x0800205e   0x00000008   Code   RO         1253    i.USART_SendData    stm32f10x_usart.o
    0x08002066   0x00000004   Code   RO          210    i.UsageFault_Handler  stm32f10x_it.o
    0x0800206a   0x00000002   PAD
    0x0800206c   0x00000070   Code   RO         3421    i._DoInit           segger_rtt.o
    0x080020dc   0x00000036   Code   RO         3744    i._EncodeStr        segger_sysview.o
    0x08002112   0x00000002   PAD
    0x08002114   0x000000a8   Code   RO         3745    i._HandleIncomingPacket  segger_sysview.o
    0x080021bc   0x00000006   Code   RO         3746    i._PreparePacket    segger_sysview.o
    0x080021c2   0x00000002   PAD
    0x080021c4   0x000001e0   Code   RO         3749    i._SendPacket       segger_sysview.o
    0x080023a4   0x00000088   Code   RO         3751    i._TrySendOverflowPacket  segger_sysview.o
    0x0800242c   0x00000020   Code   RO         4386    i.__0printf$2       mc_w.l(printf2.o)
    0x0800244c   0x0000000e   Code   RO         4626    i.__scatterload_copy  mc_w.l(handlers.o)
    0x0800245a   0x00000002   Code   RO         4627    i.__scatterload_null  mc_w.l(handlers.o)
    0x0800245c   0x0000000e   Code   RO         4628    i.__scatterload_zeroinit  mc_w.l(handlers.o)
    0x0800246a   0x0000003e   Code   RO         4261    i._cbGetTime        segger_sysview_freertos.o
    0x080024a8   0x00000054   Code   RO         4240    i._cbSendSystemDesc  segger_sysview_config_freertos.o
    0x080024fc   0x00000054   Code   RO         4262    i._cbSendTaskList   segger_sysview_freertos.o
    0x08002550   0x000000d6   Code   RO         4393    i._printf_core      mc_w.l(printf2.o)
    0x08002626   0x00000002   PAD
    0x08002628   0x0000014c   Code   RO            1    i.can_task          main.o
    0x08002774   0x0000004c   Code   RO         2386    i.delay_ms          systick.o
    0x080027c0   0x00000024   Code   RO         2430    i.fputc             usart.o
    0x080027e4   0x0000003c   Code   RO            2    i.led1_task         main.o
    0x08002820   0x0000003c   Code   RO            3    i.led2_task         main.o
    0x0800285c   0x00000054   Code   RO            4    i.main              main.o
    0x080028b0   0x000000e0   Code   RO         2905    i.prvAddCurrentTaskToDelayedList  tasks.o
    0x08002990   0x00000114   Code   RO         2906    i.prvAddNewTaskToReadyList  tasks.o
    0x08002aa4   0x00000048   Code   RO         2907    i.prvCheckTasksWaitingTermination  tasks.o
    0x08002aec   0x00000068   Code   RO         2908    i.prvCreateIdleTasks  tasks.o
    0x08002b54   0x0000005a   Code   RO         2909    i.prvCreateTask     tasks.o
    0x08002bae   0x00000012   Code   RO         2910    i.prvDeleteTCB      tasks.o
    0x08002bc0   0x0000006c   Code   RO         3251    i.prvHeapInit       heap_4.o
    0x08002c2c   0x00000028   Code   RO         2911    i.prvIdleTask       tasks.o
    0x08002c54   0x0000007a   Code   RO         2912    i.prvInitialiseNewTask  tasks.o
    0x08002cce   0x00000002   PAD
    0x08002cd0   0x00000068   Code   RO         2913    i.prvInitialiseTaskLists  tasks.o
    0x08002d38   0x00000068   Code   RO         3252    i.prvInsertBlockIntoFreeList  heap_4.o
    0x08002da0   0x00000030   Code   RO         2914    i.prvResetNextTaskUnblockTime  tasks.o
    0x08002dd0   0x00000016   Code   RO         3319    i.prvTaskExitError  port.o
    0x08002de6   0x00000002   PAD
    0x08002de8   0x00000100   Code   RO         3254    i.pvPortMalloc      heap_4.o
    0x08002ee8   0x00000024   Code   RO         3320    i.pxPortInitialiseStack  port.o
    0x08002f0c   0x00000094   Code   RO            5    i.start_task        main.o
    0x08002fa0   0x00000034   Code   RO         2556    i.uxListRemove      list.o
    0x08002fd4   0x00000026   Code   RO         2557    i.vListInitialise   list.o
    0x08002ffa   0x00000012   Code   RO         2558    i.vListInitialiseItem  list.o
    0x0800300c   0x00000042   Code   RO         2559    i.vListInsert       list.o
    0x0800304e   0x00000026   Code   RO         2560    i.vListInsertEnd    list.o
    0x08003074   0x00000024   Code   RO         3322    i.vPortEnterCritical  port.o
    0x08003098   0x00000020   Code   RO         3323    i.vPortExitCritical  port.o
    0x080030b8   0x0000004c   Code   RO         3255    i.vPortFree         heap_4.o
    0x08003104   0x00000018   Code   RO         3324    i.vPortSetupTimerInterrupt  port.o
    0x0800311c   0x00000038   Code   RO         2922    i.vTaskDelay        tasks.o
    0x08003154   0x0000011c   Code   RO         2923    i.vTaskDelete       tasks.o
    0x08003270   0x0000007c   Code   RO         2935    i.vTaskStartScheduler  tasks.o
    0x080032ec   0x00000018   Code   RO         2937    i.vTaskSuspendAll   tasks.o
    0x08003304   0x00000090   Code   RO         2938    i.vTaskSwitchContext  tasks.o
    0x08003394   0x00000034   Code   RO         3325    i.xPortStartScheduler  port.o
    0x080033c8   0x00000040   Code   RO         3326    i.xPortSysTickHandler  port.o
    0x08003408   0x00000040   Code   RO         2941    i.xTaskCreate       tasks.o
    0x08003448   0x0000002c   Code   RO         2951    i.xTaskGetSchedulerState  tasks.o
    0x08003474   0x00000018   Code   RO         2953    i.xTaskGetTickCountFromISR  tasks.o
    0x0800348c   0x000001b0   Code   RO         2954    i.xTaskIncrementTick  tasks.o
    0x0800363c   0x0000018c   Code   RO         2956    i.xTaskResumeAll    tasks.o
    0x080037c8   0x00000021   Data   RO         3427    .constdata          segger_rtt.o
    0x080037e9   0x0000001a   Data   RO         3755    .constdata          segger_sysview.o
    0x08003803   0x00000001   PAD
    0x08003804   0x00000008   Data   RO         4264    .constdata          segger_sysview_freertos.o
    0x0800380c   0x00000050   Data   RO         4265    .conststring        segger_sysview_freertos.o
    0x0800385c   0x00000020   Data   RO         4624    Region$$Table       anon$$obj.o


    Execution Region RW_IRAM1 (Base: 0x20000000, Size: 0x000053d8, Max: 0x00010000, ABSOLUTE)

    Base Addr    Size         Type   Attr      Idx    E Section Name        Object

    0x20000000   0x00000010   Data   RW            6    .data               main.o
    0x20000010   0x00000014   Data   RW          426    .data               stm32f10x_rcc.o
    0x20000024   0x00000001   Data   RW         2355    .data               key.o
    0x20000025   0x00000001   PAD
    0x20000026   0x00000004   Data   RW         2388    .data               systick.o
    0x2000002a   0x00000002   PAD
    0x2000002c   0x00000040   Data   RW         2959    .data               tasks.o
    0x2000006c   0x0000001c   Data   RW         3262    .data               heap_4.o
    0x20000088   0x00000004   Data   RW         3327    .data               port.o
    0x2000008c   0x00000015   Data   RW         3756    .data               segger_sysview.o
    0x200000a1   0x00000003   PAD
    0x200000a4   0x00000004   Data   RW         4266    .data               segger_sysview_freertos.o
    0x200000a8   0x00000004   Data   RW         4598    .data               mc_w.l(stdout.o)
    0x200000ac   0x000000c8   Zero   RW         2958    .bss                tasks.o
    0x20000174   0x00004400   Zero   RW         3261    .bss                heap_4.o
    0x20004574   0x000004b8   Zero   RW         3426    .bss                segger_rtt.o
    0x20004a2c   0x0000050b   Zero   RW         3754    .bss                segger_sysview.o
    0x20004f37   0x00000001   PAD
    0x20004f38   0x000000a0   Zero   RW         4263    .bss                segger_sysview_freertos.o
    0x20004fd8   0x00000400   Zero   RW          272    STACK               startup_stm32f10x_hd.o


==============================================================================

Image component sizes


      Code (inc. data)   RO Data    RW Data    ZI Data      Debug   Object Name

       380         18          0          0          0       3921   can.o
         0          0          0          0          0       2552   event_groups.o
       544         58          0         28      17408       4927   heap_4.o
       228         22          0          1          0       1142   key.o
        52          6          0          0          0        475   led.o
       212          0          0          0          0       3382   list.o
       684        256          0         16          0     265573   main.o
       172         22          0          0          0       2225   misc.o
       416         46          0          4          0       9348   port.o
       764         54         33          0       1208       9584   segger_rtt.o
      3516        236         26         21       1291      34890   segger_sysview.o
       120         80          0          0          0        966   segger_sysview_config_freertos.o
       640         40         88          4        160       4446   segger_sysview_freertos.o
        36          8        304          0       1024        848   startup_stm32f10x_hd.o
      1264         28          0          0          0       5419   stm32f10x_can.o
       282          0          0          0          0       2623   stm32f10x_gpio.o
        20          0          0          0          0       2553   stm32f10x_it.o
       276         32          0         20          0       4626   stm32f10x_rcc.o
       460          6          0          0          0       7083   stm32f10x_usart.o
       328         28          0          0          0       1945   system_stm32f10x.o
       152         12          0          4          0       1668   systick.o
      2690        332          0         64        200      31215   tasks.o
       280         20          0          0          0       1726   usart.o

    ----------------------------------------------------------------------
     13538       1304        484        168      21292     403137   Object Totals
         0          0         32          0          0          0   (incl. Generated)
        22          0          1          6          1          0   (incl. Padding)

    ----------------------------------------------------------------------

      Code (inc. data)   RO Data    RW Data    ZI Data      Debug   Library Member Name

         0          0          0          0          0          0   entry.o
         0          0          0          0          0          0   entry10a.o
         0          0          0          0          0          0   entry11a.o
         4          0          0          0          0          0   entry12b.o
         8          4          0          0          0          0   entry2.o
         4          0          0          0          0          0   entry5.o
         0          0          0          0          0          0   entry7b.o
         0          0          0          0          0          0   entry8b.o
         8          4          0          0          0          0   entry9a.o
        30          0          0          0          0          0   handlers.o
        36          8          0          0          0         68   init.o
        26          0          0          0          0         80   memcmp.o
        36          0          0          0          0         68   memcpya.o
        36          0          0          0          0        108   memseta.o
       246         10          0          0          0        176   printf2.o
         0          0          0          4          0          0   stdout.o

    ----------------------------------------------------------------------
       438         26          0          4          0        500   Library Totals
         4          0          0          0          0          0   (incl. Padding)

    ----------------------------------------------------------------------

      Code (inc. data)   RO Data    RW Data    ZI Data      Debug   Library Name

       434         26          0          4          0        500   mc_w.l

    ----------------------------------------------------------------------
       438         26          0          4          0        500   Library Totals

    ----------------------------------------------------------------------

==============================================================================


      Code (inc. data)   RO Data    RW Data    ZI Data      Debug   

     13976       1330        484        172      21292     397081   Grand Totals
     13976       1330        484        172      21292     397081   ELF Image Totals
     13976       1330        484        172          0          0   ROM Totals

==============================================================================

    Total RO  Size (Code + RO Data)                14460 (  14.12kB)
    Total RW  Size (RW Data + ZI Data)             21464 (  20.96kB)
    Total ROM Size (Code + RO Data + RW Data)      14632 (  14.29kB)

==============================================================================

