<html>
<body>
<pre>
<h1>µVision Build Log</h1>
<h2>Tool Versions:</h2>
IDE-Version: ¦ÌVision V5.18.0.0
Copyright (C) 2016 ARM Ltd and ARM Germany GmbH. All rights reserved.
License Information: Victor Jiaxin, HIT, LIC=PE7DL-0V43U-UHV8H-WTYZJ-NQ06V-VY01Y
 
Tool Versions:
Toolchain:       MDK-ARM Standard  Version: 5.18
Toolchain Path:  C:\Keil_v5\ARM\ARM_Compiler_5.06u7\Bin
C Compiler:      Armcc.exe V5.06 update 7 (build 960)
Assembler:       Armasm.exe V5.06 update 7 (build 960)
Linker/Locator:  ArmLink.exe V5.06 update 7 (build 960)
Library Manager: ArmAr.exe V5.06 update 7 (build 960)
Hex Converter:   FromElf.exe V5.06 update 7 (build 960)
CPU DLL:         SARMCM3.DLL V5.18
Dialog DLL:      DCM.DLL V1.13.6.0
Target DLL:      Segger\JL2CM3.dll V2.99.18.0
Dialog DLL:      TCM.DLL V1.14.8.0
 
<h2>Project:</h2>
C:\Users\94980\Documents\Workbench\CANopen\CAN-FreeRTOS-SystemView\Template.uvprojx
Project File Date:  07/26/2025

<h2>Output:</h2>
*** Using Compiler 'V5.06 update 7 (build 960)', folder: 'C:\Keil_v5\ARM\ARM_Compiler_5.06u7\Bin'
Rebuild target 'Target 1'
compiling stm32f10x_it.c...
assembling startup_stm32f10x_hd.s...
compiling stm32f10x_tim.c...
compiling misc.c...
compiling stm32f10x_wwdg.c...
compiling stm32f10x_bkp.c...
compiling stm32f10x_usart.c...
compiling stm32f10x_iwdg.c...
compiling stm32f10x_rcc.c...
compiling main.c...
compiling stm32f10x_gpio.c...
compiling stm32f10x_exti.c...
compiling stm32f10x_pwr.c...
compiling stm32f10x_dac.c...
compiling stm32f10x_adc.c...
compiling stm32f10x_dma.c...
compiling stm32f10x_rtc.c...
compiling stm32f10x_can.c...
compiling system_stm32f10x.c...
compiling led.c...
compiling can.c...
compiling key.c...
compiling system.c...
compiling croutine.c...
compiling list.c...
compiling event_groups.c...
compiling SysTick.c...
compiling usart.c...
compiling queue.c...
compiling stream_buffer.c...
compiling tasks.c...
compiling core_cm3.c...
compiling timers.c...
compiling heap_4.c...
compiling SEGGER_SYSVIEW_Config_FreeRTOS.c...
compiling SEGGER_RTT_printf.c...
compiling SEGGER_RTT.c...
compiling SEGGER_SYSVIEW_FreeRTOS.c...
compiling SEGGER_SYSVIEW.c...
compiling port.c...
linking...
Program Size: Code=13976 RO-data=484 RW-data=172 ZI-data=21292  
FromELF: creating hex file...
".\Obj\Template.axf" - 0 Error(s), 0 Warning(s).

<h2>Collection of Component include folders:</h2>
  C:\Users\94980\Documents\Workbench\CANopen\CAN-FreeRTOS-SystemView\RTE
  C:\Keil_v5\ARM\PACK\Keil\STM32F1xx_DFP\2.4.1\Device\Include

<h2>Collection of Component Files used:</h2>
Build Time Elapsed:  00:00:10
</pre>
</body>
</html>
